[    0.000000] Linux version 5.15.167.4-microsoft-standard-WSL2 (root@f9c826d3017f) (gcc (GCC) 11.2.0, GNU ld (GNU Binutils) 2.37) #1 SMP Tue Nov 5 00:21:55 UTC 2024
[    0.000000] Command line: initrd=\initrd.img WSL_ROOT_INIT=1 panic=-1 nr_cpus=12 hv_utils.timesync_implicit=1 console=hvc0 debug pty.legacy_count=0 WSL_ENABLE_CRASH_DUMP=1
[    0.000000] KERNEL supported cpus:
[    0.000000]   Intel GenuineIntel
[    0.000000]   AMD AuthenticAMD
[    0.000000]   Centaur CentaurHauls
[    0.000000] BIOS-provided physical RAM map:
[    0.000000] BIOS-e820: [mem 0x0000000000000000-0x000000000009ffff] usable
[    0.000000] BIOS-e820: [mem 0x00000000000e0000-0x00000000000e0fff] reserved
[    0.000000] BIOS-e820: [mem 0x0000000000100000-0x00000000001fffff] ACPI data
[    0.000000] BIOS-e820: [mem 0x0000000000200000-0x00000000f7ffffff] usable
[    0.000000] BIOS-e820: [mem 0x0000000100000000-0x00000003efbfffff] usable
[    0.000000] NX (Execute Disable) protection: active
[    0.000000] DMI not present or invalid.
[    0.000000] Hypervisor detected: Microsoft Hyper-V
[    0.000000] Hyper-V: privilege flags low 0xae7f, high 0x3b8030, hints 0x900c2c, misc 0xe0bed7b6
[    0.000000] Hyper-V Host Build:26100-10.0-3-0.3775
[    0.000000] Hyper-V: Nested features: 0x4a0000
[    0.000000] Hyper-V: LAPIC Timer Frequency: 0x1e8480
[    0.000000] Hyper-V: Using hypercall for remote TLB flush
[    0.000000] clocksource: hyperv_clocksource_tsc_page: mask: 0xffffffffffffffff max_cycles: 0x24e6a1710, max_idle_ns: 440795202120 ns
[    0.000003] tsc: Detected 3293.817 MHz processor
[    0.000071] e820: update [mem 0x00000000-0x00000fff] usable ==> reserved
[    0.000075] e820: remove [mem 0x000a0000-0x000fffff] usable
[    0.000078] last_pfn = 0x3efc00 max_arch_pfn = 0x400000000
[    0.000140] x86/PAT: Configuration [0-7]: WB  WC  UC- UC  WB  WP  UC- WT  
[    0.000173] last_pfn = 0xf8000 max_arch_pfn = 0x400000000
[    0.000181] Using GB pages for direct mapping
[    0.000317] RAMDISK: [mem 0x03de4000-0x04034fff]
[    0.000319] ACPI: Early table checksum verification disabled
[    0.000322] ACPI: RSDP 0x00000000000E0000 000024 (v02 VRTUAL)
[    0.000326] ACPI: XSDT 0x0000000000100000 000044 (v01 VRTUAL MICROSFT 00000001 MSFT 00000001)
[    0.000331] ACPI: FACP 0x0000000000101000 000114 (v06 VRTUAL MICROSFT 00000001 MSFT 00000001)
[    0.000335] ACPI: DSDT 0x00000000001011B8 01E191 (v02 MSFTVM DSDT01   00000001 MSFT 05000000)
[    0.000338] ACPI: FACS 0x0000000000101114 000040
[    0.000340] ACPI: OEM0 0x0000000000101154 000064 (v01 VRTUAL MICROSFT 00000001 MSFT 00000001)
[    0.000343] ACPI: SRAT 0x000000000011F349 000370 (v02 VRTUAL MICROSFT 00000001 MSFT 00000001)
[    0.000346] ACPI: APIC 0x000000000011F6B9 0000A8 (v04 VRTUAL MICROSFT 00000001 MSFT 00000001)
[    0.000348] ACPI: Reserving FACP table memory at [mem 0x101000-0x101113]
[    0.000350] ACPI: Reserving DSDT table memory at [mem 0x1011b8-0x11f348]
[    0.000351] ACPI: Reserving FACS table memory at [mem 0x101114-0x101153]
[    0.000351] ACPI: Reserving OEM0 table memory at [mem 0x101154-0x1011b7]
[    0.000352] ACPI: Reserving SRAT table memory at [mem 0x11f349-0x11f6b8]
[    0.000353] ACPI: Reserving APIC table memory at [mem 0x11f6b9-0x11f760]
[    0.000459] Zone ranges:
[    0.000461]   DMA      [mem 0x0000000000001000-0x0000000000ffffff]
[    0.000463]   DMA32    [mem 0x0000000001000000-0x00000000ffffffff]
[    0.000464]   Normal   [mem 0x0000000100000000-0x00000003efbfffff]
[    0.000466]   Device   empty
[    0.000467] Movable zone start for each node
[    0.000468] Early memory node ranges
[    0.000469]   node   0: [mem 0x0000000000001000-0x000000000009ffff]
[    0.000470]   node   0: [mem 0x0000000000200000-0x00000000f7ffffff]
[    0.000471]   node   0: [mem 0x0000000100000000-0x00000003efbfffff]
[    0.000474] Initmem setup node 0 [mem 0x0000000000001000-0x00000003efbfffff]
[    0.000510] On node 0, zone DMA: 1 pages in unavailable ranges
[    0.000620] On node 0, zone DMA: 352 pages in unavailable ranges
[    0.033489] On node 0, zone Normal: 1024 pages in unavailable ranges
[    0.033541] ACPI: LAPIC_NMI (acpi_id[0x01] dfl dfl lint[0x1])
[    0.033924] IOAPIC[0]: apic_id 12, version 17, address 0xfec00000, GSI 0-23
[    0.033930] ACPI: INT_SRC_OVR (bus 0 bus_irq 9 global_irq 9 high level)
[    0.033933] ACPI: Using ACPI (MADT) for SMP configuration information
[    0.033940] smpboot: Allowing 12 CPUs, 0 hotplug CPUs
[    0.033948] [mem 0xf8000000-0xffffffff] available for PCI devices
[    0.033949] Booting paravirtualized kernel on Hyper-V
[    0.033951] clocksource: refined-jiffies: mask: 0xffffffff max_cycles: 0xffffffff, max_idle_ns: 19112604462750000 ns
[    0.037409] setup_percpu: NR_CPUS:256 nr_cpumask_bits:256 nr_cpu_ids:12 nr_node_ids:1
[    0.039733] percpu: Embedded 54 pages/cpu s180696 r8192 d32296 u262144
[    0.039743] pcpu-alloc: s180696 r8192 d32296 u262144 alloc=1*2097152
[    0.039746] pcpu-alloc: [0] 00 01 02 03 04 05 06 07 [0] 08 09 10 11 -- -- -- -- 
[    0.039766] Hyper-V: PV spinlocks enabled
[    0.039768] PV qspinlock hash table entries: 256 (order: 0, 4096 bytes, linear)
[    0.039773] Built 1 zonelists, mobility grouping on.  Total pages: 4029973
[    0.039774] Kernel command line: initrd=\initrd.img WSL_ROOT_INIT=1 panic=-1 nr_cpus=12 hv_utils.timesync_implicit=1 console=hvc0 debug pty.legacy_count=0 WSL_ENABLE_CRASH_DUMP=1
[    0.039886] Unknown kernel command line parameters "WSL_ROOT_INIT=1 WSL_ENABLE_CRASH_DUMP=1", will be passed to user space.
[    0.048085] Dentry cache hash table entries: 2097152 (order: 12, 16777216 bytes, linear)
[    0.052268] Inode-cache hash table entries: 1048576 (order: 11, 8388608 bytes, linear)
[    0.052327] mem auto-init: stack:off, heap alloc:off, heap free:off
[    0.097840] Memory: 4124088K/16378492K available (18452K kernel code, 2648K rwdata, 9668K rodata, 2016K init, 1776K bss, 395600K reserved, 0K cma-reserved)
[    0.097878] SLUB: HWalign=64, Order=0-3, MinObjects=0, CPUs=12, Nodes=1
[    0.097917] ftrace: allocating 52991 entries in 207 pages
[    0.116202] ftrace: allocated 207 pages with 6 groups
[    0.116450] rcu: Hierarchical RCU implementation.
[    0.116452] rcu: 	RCU restricting CPUs from NR_CPUS=256 to nr_cpu_ids=12.
[    0.116454] 	Rude variant of Tasks RCU enabled.
[    0.116454] 	Tracing variant of Tasks RCU enabled.
[    0.116455] rcu: RCU calculated value of scheduler-enlistment delay is 10 jiffies.
[    0.116456] rcu: Adjusting geometry for rcu_fanout_leaf=16, nr_cpu_ids=12
[    0.119241] Using NULL legacy PIC
[    0.119243] NR_IRQS: 16640, nr_irqs: 520, preallocated irqs: 0
[    0.119761] random: crng init done
[    0.119786] Console: colour dummy device 80x25
[    0.119795] ACPI: Core revision 20210730
[    0.119882] Failed to register legacy timer interrupt
[    0.119883] APIC: Switch to symmetric I/O mode setup
[    0.119885] Switched APIC routing to physical flat.
[    0.119902] Hyper-V: Using IPI hypercalls
[    0.119903] Hyper-V: Using enlightened APIC (xapic mode)
[    0.119989] clocksource: tsc-early: mask: 0xffffffffffffffff max_cycles: 0x2f7a7b98e89, max_idle_ns: 440795251182 ns
[    0.119996] Calibrating delay loop (skipped), value calculated using timer frequency.. 6587.63 BogoMIPS (lpj=32938170)
[    0.120062] x86/cpu: User Mode Instruction Prevention (UMIP) activated
[    0.120066] Last level iTLB entries: 4KB 512, 2MB 512, 4MB 256
[    0.120066] Last level dTLB entries: 4KB 2048, 2MB 2048, 4MB 1024, 1GB 0
[    0.120070] Spectre V1 : Mitigation: usercopy/swapgs barriers and __user pointer sanitization
[    0.120071] Spectre V2 : Mitigation: Retpolines
[    0.120072] Spectre V2 : Spectre v2 / SpectreRSB mitigation: Filling RSB on context switch
[    0.120072] Spectre V2 : Spectre v2 / SpectreRSB : Filling RSB on VMEXIT
[    0.120073] Spectre V2 : Enabling Restricted Speculation for firmware calls
[    0.120074] Spectre V2 : mitigation: Enabling conditional Indirect Branch Prediction Barrier
[    0.120074] Spectre V2 : User space: Mitigation: STIBP always-on protection
[    0.120075] Speculative Store Bypass: Mitigation: Speculative Store Bypass disabled via prctl and seccomp
[    0.120076] Speculative Return Stack Overflow: Mitigation: safe RET
[    0.120088] x86/fpu: Supporting XSAVE feature 0x001: 'x87 floating point registers'
[    0.120089] x86/fpu: Supporting XSAVE feature 0x002: 'SSE registers'
[    0.120090] x86/fpu: Supporting XSAVE feature 0x004: 'AVX registers'
[    0.120092] x86/fpu: xstate_offset[2]:  576, xstate_sizes[2]:  256
[    0.120093] x86/fpu: Enabled xstate features 0x7, context size is 832 bytes, using 'compacted' format.
[    0.129993] Freeing SMP alternatives memory: 60K
[    0.129993] pid_max: default: 32768 minimum: 301
[    0.129993] LSM: Security Framework initializing
[    0.129993] landlock: Up and running.
[    0.129993] Mount-cache hash table entries: 32768 (order: 6, 262144 bytes, linear)
[    0.129993] Mountpoint-cache hash table entries: 32768 (order: 6, 262144 bytes, linear)
[    0.129993] smpboot: CPU0: AMD Ryzen 5 7535HS with Radeon Graphics (family: 0x19, model: 0x44, stepping: 0x1)
[    0.129993] Performance Events: Fam17h+ core perfctr, AMD PMU driver.
[    0.129993] ... version:                0
[    0.129993] ... bit width:              48
[    0.129993] ... generic registers:      6
[    0.129993] ... value mask:             0000ffffffffffff
[    0.129993] ... max period:             00007fffffffffff
[    0.129993] ... fixed-purpose events:   0
[    0.129993] ... event mask:             000000000000003f
[    0.129993] signal: max sigframe size: 1776
[    0.129993] rcu: Hierarchical SRCU implementation.
[    0.129993] smp: Bringing up secondary CPUs ...
[    0.129993] x86: Booting SMP configuration:
[    0.129993] .... node  #0, CPUs:        #1
[    0.129993] Spectre V2 : Update user space SMT mitigation: STIBP always-on
[    0.129993]   #2  #3  #4  #5  #6  #7  #8  #9 #10 #11
[    0.129993] smp: Brought up 1 node, 12 CPUs
[    0.129993] smpboot: Max logical packages: 1
[    0.129993] smpboot: Total of 12 processors activated (79051.60 BogoMIPS)
[    0.143733] node 0 deferred pages initialised in 20ms
[    0.145331] devtmpfs: initialized
[    0.145331] x86/mm: Memory block size: 128MB
[    0.145331] clocksource: jiffies: mask: 0xffffffff max_cycles: 0xffffffff, max_idle_ns: 19112604462750000 ns
[    0.145331] futex hash table entries: 4096 (order: 6, 262144 bytes, linear)
[    0.150013] NET: Registered PF_NETLINK/PF_ROUTE protocol family
[    0.150153] audit: initializing netlink subsys (disabled)
[    0.150173] audit: type=2000 audit(1745597580.030:1): state=initialized audit_enabled=0 res=1
[    0.150173] thermal_sys: Registered thermal governor 'step_wise'
[    0.150173] cpuidle: using governor menu
[    0.150173] ACPI: bus type PCI registered
[    0.150173] PCI: Fatal: No config space access function found
[    0.150312] kprobes: kprobe jump-optimization is enabled. All kprobes are optimized if possible.
[    0.150334] HugeTLB registered 1.00 GiB page size, pre-allocated 0 pages
[    0.150334] HugeTLB registered 2.00 MiB page size, pre-allocated 0 pages
[    0.150334] raid6: skip pq benchmark and using algorithm avx2x4
[    0.150334] raid6: using avx2x2 recovery algorithm
[    0.150334] ACPI: Added _OSI(Module Device)
[    0.150334] ACPI: Added _OSI(Processor Device)
[    0.150334] ACPI: Added _OSI(3.0 _SCP Extensions)
[    0.150334] ACPI: Added _OSI(Processor Aggregator Device)
[    0.150334] ACPI: Added _OSI(Linux-Dell-Video)
[    0.150334] ACPI: Added _OSI(Linux-Lenovo-NV-HDMI-Audio)
[    0.150334] ACPI: Added _OSI(Linux-HPI-Hybrid-Graphics)
[    0.166238] ACPI: 1 ACPI AML tables successfully acquired and loaded
[    0.167284] ACPI: Interpreter enabled
[    0.167288] ACPI: PM: (supports S0 S5)
[    0.167290] ACPI: Using IOAPIC for interrupt routing
[    0.167302] PCI: Using host bridge windows from ACPI; if necessary, use "pci=nocrs" and report a bug
[    0.167469] ACPI: Enabled 2 GPEs in block 00 to 0F
[    0.169045] iommu: Default domain type: Translated 
[    0.169047] iommu: DMA domain TLB invalidation policy: lazy mode 
[    0.169191] SCSI subsystem initialized
[    0.169204] ACPI: bus type USB registered
[    0.169215] usbcore: registered new interface driver usbfs
[    0.169222] usbcore: registered new interface driver hub
[    0.169229] usbcore: registered new device driver usb
[    0.169241] pps_core: LinuxPPS API ver. 1 registered
[    0.169242] pps_core: Software ver. 5.3.6 - Copyright 2005-2007 Rodolfo Giometti <giometti@linux.it>
[    0.169245] PTP clock support registered
[    0.170045] hv_vmbus: Vmbus version:5.3
[    0.170141] PCI: Using ACPI for IRQ routing
[    0.170143] PCI: System does not support PCI
[    0.170752] clocksource: Switched to clocksource tsc-early
[    0.170832] hv_vmbus: Unknown GUID: c376c1c3-d276-48d2-90a9-c04748072c60
[    0.170894] hv_vmbus: Unknown GUID: 6e382d18-3336-4f4b-acc4-2b7703d4df4a
[    0.170910] hv_vmbus: Unknown GUID: dde9cbc0-5060-4436-9448-ea1254a5d177
[    0.170940] hv_vmbus: Unknown GUID: 6e382d18-3336-4f4b-acc4-2b7703d4df4a
[    0.189928] VFS: Disk quotas dquot_6.6.0
[    0.189945] VFS: Dquot-cache hash table entries: 512 (order 0, 4096 bytes)
[    0.189967] FS-Cache: Loaded
[    0.189997] pnp: PnP ACPI init
[    0.190243] pnp: PnP ACPI: found 1 devices
[    0.194986] NET: Registered PF_INET protocol family
[    0.195874] IP idents hash table entries: 262144 (order: 9, 2097152 bytes, linear)
[    0.196587] tcp_listen_portaddr_hash hash table entries: 8192 (order: 5, 131072 bytes, linear)
[    0.196648] Table-perturb hash table entries: 65536 (order: 6, 262144 bytes, linear)
[    0.196655] TCP established hash table entries: 131072 (order: 8, 1048576 bytes, linear)
[    0.197099] TCP bind hash table entries: 65536 (order: 8, 1048576 bytes, linear)
[    0.197555] TCP: Hash tables configured (established 131072 bind 65536)
[    0.197629] UDP hash table entries: 8192 (order: 6, 262144 bytes, linear)
[    0.197745] UDP-Lite hash table entries: 8192 (order: 6, 262144 bytes, linear)
[    0.197883] NET: Registered PF_UNIX/PF_LOCAL protocol family
[    0.198274] RPC: Registered named UNIX socket transport module.
[    0.198278] RPC: Registered udp transport module.
[    0.198279] RPC: Registered tcp transport module.
[    0.198281] RPC: Registered tcp NFSv4.1 backchannel transport module.
[    0.198285] PCI: CLS 0 bytes, default 64
[    0.198316] PCI-DMA: Using software bounce buffering for IO (SWIOTLB)
[    0.198319] software IO TLB: mapped [mem 0x00000000f4000000-0x00000000f8000000] (64MB)
[    0.198416] kvm: no hardware support
[    0.198497] Trying to unpack rootfs image as initramfs...
[    0.199049] kvm: Nested Virtualization enabled
[    0.199052] SVM: kvm: Nested Paging enabled
[    0.199054] SVM: kvm: Hyper-V enlightened NPT TLB flush enabled
[    0.199056] SVM: kvm: Hyper-V Direct TLB Flush enabled
[    0.199064] SVM: Virtual VMLOAD VMSAVE supported
[    0.202174] Freeing initrd memory: 2372K
[    0.279961] Initialise system trusted keyrings
[    0.280099] workingset: timestamp_bits=46 max_order=22 bucket_order=0
[    0.281637] squashfs: version 4.0 (2009/01/31) Phillip Lougher
[    0.281902] NFS: Registering the id_resolver key type
[    0.281908] Key type id_resolver registered
[    0.281910] Key type id_legacy registered
[    0.281912] nfs4filelayout_init: NFSv4 File Layout Driver Registering...
[    0.281915] nfs4flexfilelayout_init: NFSv4 Flexfile Layout Driver Registering...
[    0.282921] Key type cifs.idmap registered
[    0.282991] fuse: init (API version 7.34)
[    0.283178] SGI XFS with ACLs, security attributes, realtime, scrub, repair, quota, no debug enabled
[    0.283630] 9p: Installing v9fs 9p2000 file system support
[    0.283642] FS-Cache: Netfs '9p' registered for caching
[    0.283697] FS-Cache: Netfs 'ceph' registered for caching
[    0.283699] ceph: loaded (mds proto 32)
[    0.286491] NET: Registered PF_ALG protocol family
[    0.286496] xor: automatically using best checksumming function   avx       
[    0.286500] Key type asymmetric registered
[    0.286502] Asymmetric key parser 'x509' registered
[    0.286533] Block layer SCSI generic (bsg) driver version 0.4 loaded (major 248)
[    0.288333] hv_vmbus: registering driver hv_pci
[    0.288642] hv_pci c4b741f5-5582-4c98-8f8b-2e082933c396: PCI VMBus probing: Using version 0x10004
[    0.289676] hv_pci c4b741f5-5582-4c98-8f8b-2e082933c396: PCI host bridge to bus 5582:00
[    0.289679] pci_bus 5582:00: root bus resource [mem 0x9ffe00000-0x9ffe02fff window]
[    0.289681] pci_bus 5582:00: No busn resource found for root bus, will use [bus 00-ff]
[    0.290688] pci 5582:00:00.0: [1af4:1043] type 00 class 0x010000
[    0.291705] pci 5582:00:00.0: reg 0x10: [mem 0x9ffe00000-0x9ffe00fff 64bit]
[    0.292424] pci 5582:00:00.0: reg 0x18: [mem 0x9ffe01000-0x9ffe01fff 64bit]
[    0.293133] pci 5582:00:00.0: reg 0x20: [mem 0x9ffe02000-0x9ffe02fff 64bit]
[    0.297211] pci_bus 5582:00: busn_res: [bus 00-ff] end is updated to 00
[    0.297217] pci 5582:00:00.0: BAR 0: assigned [mem 0x9ffe00000-0x9ffe00fff 64bit]
[    0.297682] pci 5582:00:00.0: BAR 2: assigned [mem 0x9ffe01000-0x9ffe01fff 64bit]
[    0.298158] pci 5582:00:00.0: BAR 4: assigned [mem 0x9ffe02000-0x9ffe02fff 64bit]
[    0.298951] hv_pci 38e9bc2d-a140-4c1e-8be1-4d476479969e: PCI VMBus probing: Using version 0x10004
[    0.299708] hv_pci 38e9bc2d-a140-4c1e-8be1-4d476479969e: PCI host bridge to bus a140:00
[    0.299711] pci_bus a140:00: No busn resource found for root bus, will use [bus 00-ff]
[    0.300145] pci a140:00:00.0: [1414:008e] type 00 class 0x030200
[    0.304971] pci_bus a140:00: busn_res: [bus 00-ff] end is updated to 00
[    0.305254] hv_pci fdd7c18a-6c3b-46ce-8d3f-a10923e14630: PCI VMBus probing: Using version 0x10004
[    0.305984] hv_pci fdd7c18a-6c3b-46ce-8d3f-a10923e14630: PCI host bridge to bus 6c3b:00
[    0.305986] pci_bus 6c3b:00: No busn resource found for root bus, will use [bus 00-ff]
[    0.306413] pci 6c3b:00:00.0: [1414:008e] type 00 class 0x030200
[    0.311179] pci_bus 6c3b:00: busn_res: [bus 00-ff] end is updated to 00
[    0.311347] ACPI: AC: AC Adapter [AC1] (on-line)
[    0.312452] ACPI: battery: Slot [BAT1] (battery present)
[    0.316335] Serial: 8250/16550 driver, 4 ports, IRQ sharing disabled
[    0.362580] Non-volatile memory driver v1.3
[    0.362744] [drm] Initialized vgem 1.0.0 20120112 for vgem on minor 0
[    0.364077] printk: console [hvc0] enabled
[    0.366230] brd: module loaded
[    0.367729] loop: module loaded
[    0.368164] hv_vmbus: registering driver hv_storvsc
[    0.368491] wireguard: WireGuard 1.0.0 loaded. See www.wireguard.com for information.
[    0.368956] wireguard: Copyright (C) 2015-2019 Jason A. Donenfeld <Jason@zx2c4.com>. All Rights Reserved.
[    0.369323] tun: Universal TUN/TAP device driver, 1.6
[    0.369625] PPP generic driver version 2.4.2
[    0.369947] scsi host0: storvsc_host_t
[    0.369959] PPP BSD Compression module registered
[    0.370494] PPP Deflate Compression module registered
[    0.370645] PPP MPPE Compression module registered
[    0.370864] NET: Registered PF_PPPOX protocol family
[    0.371047] usbcore: registered new interface driver cdc_ether
[    0.371291] usbcore: registered new interface driver cdc_ncm
[    0.371484] usbcore: registered new interface driver r8153_ecm
[    0.371688] hv_vmbus: registering driver hv_netvsc
[    0.371940] VFIO - User Level meta-driver version: 0.3
[    0.372259] usbcore: registered new interface driver cdc_acm
[    0.372491] cdc_acm: USB Abstract Control Model driver for USB modems and ISDN adapters
[    0.372907] vhci_hcd vhci_hcd.0: USB/IP Virtual Host Controller
[    0.373144] vhci_hcd vhci_hcd.0: new USB bus registered, assigned bus number 1
[    0.373390] vhci_hcd: created sysfs vhci_hcd.0
[    0.374068] usb usb1: New USB device found, idVendor=1d6b, idProduct=0002, bcdDevice= 5.15
[    0.374888] usb usb1: New USB device strings: Mfr=3, Product=2, SerialNumber=1
[    0.375595] usb usb1: Product: USB/IP Virtual Host Controller
[    0.375918] usb usb1: Manufacturer: Linux 5.15.167.4-microsoft-standard-WSL2 vhci_hcd
[    0.376210] usb usb1: SerialNumber: vhci_hcd.0
[    0.376576] hub 1-0:1.0: USB hub found
[    0.376738] hub 1-0:1.0: 8 ports detected
[    0.377197] vhci_hcd vhci_hcd.0: USB/IP Virtual Host Controller
[    0.377440] vhci_hcd vhci_hcd.0: new USB bus registered, assigned bus number 2
[    0.377814] usb usb2: We don't know the algorithms for LPM for this host, disabling LPM.
[    0.378241] usb usb2: New USB device found, idVendor=1d6b, idProduct=0003, bcdDevice= 5.15
[    0.378611] usb usb2: New USB device strings: Mfr=3, Product=2, SerialNumber=1
[    0.379000] usb usb2: Product: USB/IP Virtual Host Controller
[    0.379306] usb usb2: Manufacturer: Linux 5.15.167.4-microsoft-standard-WSL2 vhci_hcd
[    0.379709] usb usb2: SerialNumber: vhci_hcd.0
[    0.380064] hub 2-0:1.0: USB hub found
[    0.380240] hub 2-0:1.0: 8 ports detected
[    0.380703] hv_vmbus: registering driver hyperv_keyboard
[    0.380918] rtc_cmos 00:00: RTC can wake from S4
[    0.383058] rtc_cmos 00:00: registered as rtc0
[    0.383793] rtc_cmos 00:00: setting system clock to 2025-04-25T16:13:00 UTC (1745597580)
[    0.384341] rtc_cmos 00:00: alarms up to one month, 114 bytes nvram
[    0.384827] device-mapper: ioctl: 4.45.0-ioctl (2021-03-22) initialised: dm-devel@redhat.com
[    0.385339] device-mapper: raid: Loading target version 1.15.1
[    0.385675] hid: raw HID events driver (C) Jiri Kosina
[    0.385917] usbcore: registered new interface driver usbhid
[    0.386111] usbhid: USB HID core driver
[    0.386298] hv_utils: Registering HyperV Utility Driver
[    0.386497] hv_vmbus: registering driver hv_utils
[    0.386683] hv_vmbus: registering driver hv_balloon
[    0.387012] hv_utils: TimeSync IC version 4.0
[    0.387064] hv_vmbus: registering driver dxgkrnl
[    0.387490] hv_balloon: Using Dynamic Memory protocol version 2.0
[    0.388466] Free page reporting enabled
[    0.388673] hv_balloon: Cold memory discard hint enabled with order 9
[    0.391652] drop_monitor: Initializing network drop monitor service
[    0.391990] Mirror/redirect action on
[    0.392205] u32 classifier
[    0.392303]     Performance counters on
[    0.392492]     input device check on
[    0.392653]     Actions configured
[    0.394791] IPVS: Registered protocols (TCP, UDP)
[    0.395110] IPVS: Connection hash table configured (size=4096, memory=32Kbytes)
[    0.395494] IPVS: ipvs loaded.
[    0.395964] IPVS: [rr] scheduler registered.
[    0.396208] IPVS: [wrr] scheduler registered.
[    0.396429] IPVS: [sh] scheduler registered.
[    0.396664] ipt_CLUSTERIP: ClusterIP Version 0.8 loaded successfully
[    0.396898] Initializing XFRM netlink socket
[    0.397119] NET: Registered PF_INET6 protocol family
[    0.397731] Segment Routing with IPv6
[    0.397885] In-situ OAM (IOAM) with IPv6
[    0.398066] NET: Registered PF_PACKET protocol family
[    0.398278] Bridge firewalling registered
[    0.398430] 8021q: 802.1Q VLAN Support v1.8
[    0.398567] sctp: Hash tables configured (bind 256/256)
[    0.398833] 9pnet: Installing 9P2000 support
[    0.399096] Key type dns_resolver registered
[    0.399306] Key type ceph registered
[    0.399539] libceph: loaded (mon/osd proto 15/24)
[    0.399853] NET: Registered PF_VSOCK protocol family
[    0.400048] hv_vmbus: registering driver hv_sock
[    0.400319] IPI shorthand broadcast: enabled
[    0.400561] sched_clock: Marking stable (400096237, 427500)->(421440400, -20916663)
[    0.401413] registered taskstats version 1
[    0.402092] Loading compiled-in X.509 certificates
[    0.403519] Btrfs loaded, crc32c=crc32c-generic, zoned=no, fsverity=no
[    0.403958] clk: Disabling unused clocks
[    0.404981] Freeing unused kernel image (initmem) memory: 2016K
[    0.405218] Write protecting the kernel read-only data: 30720k
[    0.405985] Freeing unused kernel image (text/rodata gap) memory: 2024K
[    0.406504] Freeing unused kernel image (rodata/data gap) memory: 572K
[    0.406751] Run /init as init process
[    0.406878]   with arguments:
[    0.407025]     /init
[    0.407125]   with environment:
[    0.407269]     HOME=/
[    0.407347]     TERM=linux
[    0.407443]     WSL_ROOT_INIT=1
[    0.407587]     WSL_ENABLE_CRASH_DUMP=1
[    0.411364] scsi 0:0:0:0: Direct-Access     Msft     Virtual Disk     1.0  PQ: 0 ANSI: 5
[    0.416490] sd 0:0:0:0: Attached scsi generic sg0 type 0
[    0.417174] sd 0:0:0:0: [sda] 795504 512-byte logical blocks: (407 MB/388 MiB)
[    0.417657] sd 0:0:0:0: [sda] Write Protect is on
[    0.417922] sd 0:0:0:0: [sda] Mode Sense: 0f 00 80 00
[    0.418316] sd 0:0:0:0: [sda] Write cache: disabled, read cache: enabled, doesn't support DPO or FUA
[    0.420575] sd 0:0:0:0: [sda] Attached SCSI disk
[    0.460781] scsi 0:0:0:1: Direct-Access     Msft     Virtual Disk     1.0  PQ: 0 ANSI: 5
[    0.466141] sd 0:0:0:1: Attached scsi generic sg1 type 0
[    0.466729] sd 0:0:0:1: [sdb] 8388616 512-byte logical blocks: (4.29 GB/4.00 GiB)
[    0.467107] EXT4-fs (sda): mounted filesystem without journal. Opts: (null). Quota mode: none.
[    0.467133] sd 0:0:0:1: [sdb] 4096-byte physical blocks
[    0.467788] sd 0:0:0:1: [sdb] Write Protect is off
[    0.467982] sd 0:0:0:1: [sdb] Mode Sense: 0f 00 00 00
[    0.468362] sd 0:0:0:1: [sdb] Write cache: enabled, read cache: enabled, doesn't support DPO or FUA
[    0.470632] sd 0:0:0:1: [sdb] Attached SCSI disk
[    0.504714] Adding 4194304k swap on /dev/sdb.  Priority:-2 extents:1 across:4194304k 
[    0.617905] IPv6: ADDRCONF(NETDEV_CHANGE): eth0: link becomes ready
[    0.755529] hv_pci df58521d-c96e-4945-b804-09d26d2bf9de: PCI VMBus probing: Using version 0x10004
[    0.757640] hv_pci df58521d-c96e-4945-b804-09d26d2bf9de: PCI host bridge to bus c96e:00
[    0.758024] pci_bus c96e:00: root bus resource [mem 0xc00000000-0xe00001fff window]
[    0.758335] pci_bus c96e:00: No busn resource found for root bus, will use [bus 00-ff]
[    0.759821] pci c96e:00:00.0: [1af4:105a] type 00 class 0x088000
[    0.762136] pci c96e:00:00.0: reg 0x10: [mem 0xe00000000-0xe00000fff 64bit]
[    0.764263] pci c96e:00:00.0: reg 0x18: [mem 0xe00001000-0xe00001fff 64bit]
[    0.766342] pci c96e:00:00.0: reg 0x20: [mem 0xc00000000-0xdffffffff 64bit]
[    0.772274] pci_bus c96e:00: busn_res: [bus 00-ff] end is updated to 00
[    0.772716] pci c96e:00:00.0: BAR 4: assigned [mem 0xc00000000-0xdffffffff 64bit]
[    0.774546] pci c96e:00:00.0: BAR 0: assigned [mem 0xe00000000-0xe00000fff 64bit]
[    0.776390] pci c96e:00:00.0: BAR 2: assigned [mem 0xe00001000-0xe00001fff 64bit]
[    0.795863] virtiofs virtio1: Cache len: 0x200000000 @ 0xc00000000
[    0.886871] memmap_init_zone_device initialised 2097152 pages in 50ms
[    0.892612] FS-Cache: Duplicate cookie detected
[    0.892917] FS-Cache: O-cookie c=00000006 [p=00000002 fl=222 nc=0 na=1]
[    0.893191] FS-Cache: O-cookie d=000000006cc409a2{9P.session} n=000000007161ea31
[    0.893495] FS-Cache: O-key=[10] '34323934393337333734'
[    0.893659] FS-Cache: N-cookie c=00000007 [p=00000002 fl=2 nc=0 na=1]
[    0.893968] FS-Cache: N-cookie d=000000006cc409a2{9P.session} n=000000008f12135f
[    0.894313] FS-Cache: N-key=[10] '34323934393337333734'
[    0.908239] scsi 0:0:0:2: Direct-Access     Msft     Virtual Disk     1.0  PQ: 0 ANSI: 5
[    0.912873] sd 0:0:0:2: Attached scsi generic sg2 type 0
[    0.913426] sd 0:0:0:2: [sdc] 2147483648 512-byte logical blocks: (1.10 TB/1.00 TiB)
[    0.913777] sd 0:0:0:2: [sdc] 4096-byte physical blocks
[    0.914069] sd 0:0:0:2: [sdc] Write Protect is off
[    0.914272] sd 0:0:0:2: [sdc] Mode Sense: 0f 00 00 00
[    0.914568] sd 0:0:0:2: [sdc] Write cache: enabled, read cache: enabled, doesn't support DPO or FUA
[    0.916656] sd 0:0:0:2: [sdc] Attached SCSI disk
[    0.932811] EXT4-fs (sdc): mounted filesystem with ordered data mode. Opts: discard,errors=remount-ro,data=ordered. Quota mode: none.
[    1.310498] clocksource: tsc: mask: 0xffffffffffffffff max_cycles: 0x2f7a7b98e89, max_idle_ns: 440795251182 ns
[    1.311715] clocksource: Switched to clocksource tsc
[    1.347405] FS-Cache: Duplicate cookie detected
[    1.347760] FS-Cache: O-cookie c=0000000b [p=00000002 fl=222 nc=0 na=1]
[    1.348026] FS-Cache: O-cookie d=000000006cc409a2{9P.session} n=00000000d4b5a4a4
[    1.348366] FS-Cache: O-key=[10] '34323934393337343139'
[    1.348533] FS-Cache: N-cookie c=0000000c [p=00000002 fl=2 nc=0 na=1]
[    1.348732] FS-Cache: N-cookie d=000000006cc409a2{9P.session} n=00000000e2dc8711
[    1.348966] FS-Cache: N-key=[10] '34323934393337343139'
[    1.416436] FS-Cache: Duplicate cookie detected
[    1.416979] FS-Cache: O-cookie c=0000000e [p=00000002 fl=222 nc=0 na=1]
[    1.417399] FS-Cache: O-cookie d=000000006cc409a2{9P.session} n=000000008e848728
[    1.417758] FS-Cache: O-key=[10] '34323934393337343236'
[    1.418006] FS-Cache: N-cookie c=0000000f [p=00000002 fl=2 nc=0 na=1]
[    1.418217] FS-Cache: N-cookie d=000000006cc409a2{9P.session} n=00000000a54adace
[    1.418466] FS-Cache: N-key=[10] '34323934393337343236'
[    1.546142] misc dxg: dxgk: dxgkio_is_feature_enabled: Ioctl failed: -22
[    1.554383] misc dxg: dxgk: dxgkio_query_adapter_info: Ioctl failed: -22
[    1.554972] misc dxg: dxgk: dxgkio_query_adapter_info: Ioctl failed: -22
[    1.555382] misc dxg: dxgk: dxgkio_query_adapter_info: Ioctl failed: -22
[    1.556032] misc dxg: dxgk: dxgkio_query_adapter_info: Ioctl failed: -2
[    1.558281] misc dxg: dxgk: dxgkio_query_adapter_info: Ioctl failed: -22
[    1.558761] misc dxg: dxgk: dxgkio_query_adapter_info: Ioctl failed: -22
[    1.559201] misc dxg: dxgk: dxgkio_query_adapter_info: Ioctl failed: -22
[    1.559710] misc dxg: dxgk: dxgkio_query_adapter_info: Ioctl failed: -2
[    1.751167] systemd-journald[53]: Collecting audit messages is disabled.
[    1.796169] systemd-journald[53]: Received client request to flush runtime journal.
[    1.797336] systemd-journald[53]: File /var/log/journal/4a3be8562a784ad4937f1b1bbf29c755/system.journal corrupted or uncleanly shut down, renaming and replacing.
[    3.104206] scsi 0:0:0:3: Direct-Access     Msft     Virtual Disk     1.0  PQ: 0 ANSI: 5
[    3.108853] sd 0:0:0:3: Attached scsi generic sg3 type 0
[    3.109382] sd 0:0:0:3: [sdd] 2147483648 512-byte logical blocks: (1.10 TB/1.00 TiB)
[    3.109385] sd 0:0:0:3: [sdd] 4096-byte physical blocks
[    3.109467] sd 0:0:0:3: [sdd] Write Protect is off
[    3.109470] sd 0:0:0:3: [sdd] Mode Sense: 0f 00 00 00
[    3.109617] sd 0:0:0:3: [sdd] Write cache: enabled, read cache: enabled, doesn't support DPO or FUA
[    3.112061] sd 0:0:0:3: [sdd] Attached SCSI disk
[    3.133501] EXT4-fs (sdd): mounted filesystem with ordered data mode. Opts: discard,errors=remount-ro,data=ordered. Quota mode: none.
[    3.189140] FS-Cache: Duplicate cookie detected
[    3.189460] FS-Cache: O-cookie c=00000022 [p=00000002 fl=222 nc=0 na=1]
[    3.189801] FS-Cache: O-cookie d=000000006cc409a2{9P.session} n=0000000078053aca
[    3.190244] FS-Cache: O-key=[10] '34323934393337363033'
[    3.190571] FS-Cache: N-cookie c=00000023 [p=00000002 fl=2 nc=0 na=1]
[    3.190928] FS-Cache: N-cookie d=000000006cc409a2{9P.session} n=000000002999e677
[    3.191294] FS-Cache: N-key=[10] '34323934393337363033'
[    3.207445] WSL (1 - init(docker-desktop)) ERROR: ConfigApplyWindowsLibPath:2542: open /etc/ld.so.conf.d/ld.wsl.conf failed 2
[    3.214271] FS-Cache: Duplicate cookie detected
[    3.214655] FS-Cache: O-cookie c=00000025 [p=00000002 fl=222 nc=0 na=1]
[    3.214988] FS-Cache: O-cookie d=000000006cc409a2{9P.session} n=00000000741f7c31
[    3.215590] FS-Cache: O-key=[10] '34323934393337363036'
[    3.215911] FS-Cache: N-cookie c=00000026 [p=00000002 fl=2 nc=0 na=1]
[    3.216202] FS-Cache: N-cookie d=000000006cc409a2{9P.session} n=000000000613ff9a
[    3.216529] FS-Cache: N-key=[10] '34323934393337363036'
[    3.219168] FS-Cache: Duplicate cookie detected
[    3.220134] FS-Cache: O-cookie c=00000025 [p=00000002 fl=222 nc=0 na=1]
[    3.220682] FS-Cache: O-cookie d=000000006cc409a2{9P.session} n=00000000741f7c31
[    3.222532] FS-Cache: O-key=[10] '34323934393337363036'
[    3.222794] FS-Cache: N-cookie c=00000027 [p=00000002 fl=2 nc=0 na=1]
[    3.223118] FS-Cache: N-cookie d=000000006cc409a2{9P.session} n=00000000c5a21736
[    3.223509] FS-Cache: N-key=[10] '34323934393337363036'
[    3.240574] WSL (1 - init(docker-desktop)) WARNING: /usr/share/zoneinfo/Europe/Berlin not found. Is the tzdata package installed?
[    3.257466] systemd-journald[53]: /var/log/journal/4a3be8562a784ad4937f1b1bbf29c755/user-1000.journal: Journal file uses a different sequence number ID, rotating.
[    5.922972] WSL (180) ERROR: CheckConnection: getaddrinfo() failed: -5
[   20.382271] EXT4-fs (sdd): mounted filesystem with ordered data mode. Opts: discard,errors=remount-ro,data=ordered. Quota mode: none.
[   20.429332] FS-Cache: Duplicate cookie detected
[   20.429638] FS-Cache: O-cookie c=0000002c [p=00000002 fl=222 nc=0 na=1]
[   20.429857] FS-Cache: O-cookie d=000000006cc409a2{9P.session} n=0000000091cca428
[   20.430278] FS-Cache: O-key=[10] '34323934393339333237'
[   20.430731] FS-Cache: N-cookie c=0000002d [p=00000002 fl=2 nc=0 na=1]
[   20.431214] FS-Cache: N-cookie d=000000006cc409a2{9P.session} n=000000009120a986
[   20.431518] FS-Cache: N-key=[10] '34323934393339333237'
[   20.447280] WSL (1 - init(docker-desktop)) ERROR: ConfigApplyWindowsLibPath:2542: open /etc/ld.so.conf.d/ld.wsl.conf failed 2
[   20.452454] FS-Cache: Duplicate cookie detected
[   20.452765] FS-Cache: O-cookie c=0000002f [p=00000002 fl=222 nc=0 na=1]
[   20.453013] FS-Cache: O-cookie d=000000006cc409a2{9P.session} n=00000000c42f8966
[   20.453398] FS-Cache: O-key=[10] '34323934393339333330'
[   20.453578] FS-Cache: N-cookie c=00000030 [p=00000002 fl=2 nc=0 na=1]
[   20.453843] FS-Cache: N-cookie d=000000006cc409a2{9P.session} n=0000000048cbdd21
[   20.454195] FS-Cache: N-key=[10] '34323934393339333330'
[   20.456320] FS-Cache: Duplicate cookie detected
[   20.456718] FS-Cache: O-cookie c=0000002f [p=00000002 fl=222 nc=0 na=1]
[   20.457135] FS-Cache: O-cookie d=000000006cc409a2{9P.session} n=00000000c42f8966
[   20.457619] FS-Cache: O-key=[10] '34323934393339333330'
[   20.457937] FS-Cache: N-cookie c=00000031 [p=00000002 fl=2 nc=0 na=1]
[   20.458472] FS-Cache: N-cookie d=000000006cc409a2{9P.session} n=00000000fd39efc7
[   20.458936] FS-Cache: N-key=[10] '34323934393339333330'
[   20.480514] WSL (1 - init(docker-desktop)) WARNING: /usr/share/zoneinfo/Europe/Berlin not found. Is the tzdata package installed?
[   20.517440] misc dxg: dxgk: dxgkio_is_feature_enabled: Ioctl failed: -22
[   20.521246] misc dxg: dxgk: dxgkio_query_adapter_info: Ioctl failed: -22
[   20.521757] misc dxg: dxgk: dxgkio_query_adapter_info: Ioctl failed: -22
[   20.522241] misc dxg: dxgk: dxgkio_query_adapter_info: Ioctl failed: -22
[   20.522760] misc dxg: dxgk: dxgkio_query_adapter_info: Ioctl failed: -2
[   20.524775] misc dxg: dxgk: dxgkio_query_adapter_info: Ioctl failed: -22
[   20.525320] misc dxg: dxgk: dxgkio_query_adapter_info: Ioctl failed: -22
[   20.525687] misc dxg: dxgk: dxgkio_query_adapter_info: Ioctl failed: -22
[   20.526111] misc dxg: dxgk: dxgkio_query_adapter_info: Ioctl failed: -2
[   20.564795] scsi 0:0:0:4: Direct-Access     Msft     Virtual Disk     1.0  PQ: 0 ANSI: 5
[   20.569112] sd 0:0:0:4: Attached scsi generic sg4 type 0
[   20.569799] sd 0:0:0:4: [sde] 2147483648 512-byte logical blocks: (1.10 TB/1.00 TiB)
[   20.569802] sd 0:0:0:4: [sde] 4096-byte physical blocks
[   20.569888] sd 0:0:0:4: [sde] Write Protect is off
[   20.569892] sd 0:0:0:4: [sde] Mode Sense: 0f 00 00 00
[   20.570084] sd 0:0:0:4: [sde] Write cache: enabled, read cache: enabled, doesn't support DPO or FUA
[   20.572444] sd 0:0:0:4: [sde] Attached SCSI disk
[   22.991671] EXT4-fs (sde): recovery complete
[   22.992248] EXT4-fs (sde): mounted filesystem with ordered data mode. Opts: (null). Quota mode: none.
[   23.012752] loop0: detected capacity change from 0 to 1089380
[   23.023317] ISO 9660 Extensions: Microsoft Joliet Level 3
[   23.023431] ISO 9660 Extensions: RRIP_1991A
[   23.047677] loop1: detected capacity change from 0 to 1279932
[   23.059202] ISO 9660 Extensions: RRIP_1991A
[   23.260526] new mount options do not match the existing superblock, will be ignored
[   23.262356] netlink: 'init': attribute type 4 has an invalid length.
[   23.403578] systemd-journald[53]: Time jumped backwards, rotating.
[   23.404100] IPv6: ADDRCONF(NETDEV_CHANGE): services1: link becomes ready
[   23.616457] capability: warning: `lifecycle-serve' uses 32-bit capabilities (legacy support in use)
[   24.350508] IPv6: ADDRCONF(NETDEV_CHANGE): services0: link becomes ready
[   35.150932] systemd-journald[53]: Time jumped backwards, rotating.
[   49.201267] hv_balloon: Max. dynamic memory size: 15996 MB
[   51.173414] systemd-journald[53]: Time jumped backwards, rotating.
[  644.884644] mini_init (174): drop_caches: 1
[22565.636266] WSL (1 - init(docker-desktop)) WARNING: /usr/share/zoneinfo/Europe/Berlin not found. Is the tzdata package installed?
[22565.637086] WSL (1 - init(docker-desktop)) WARNING: /usr/share/zoneinfo/Europe/Berlin not found. Is the tzdata package installed?
[42927.593678] mini_init (174): drop_caches: 1
[43468.246993] mini_init (174): drop_caches: 1
[43708.655143] mini_init (174): drop_caches: 1
[84325.272949] mini_init (174): drop_caches: 1
[84476.075160] mini_init (174): drop_caches: 1
[84554.672169] docker0: port 1(vethb418492) entered blocking state
[84554.672225] docker0: port 1(vethb418492) entered disabled state
[84554.672481] device vethb418492 entered promiscuous mode
[84554.924522] eth0: renamed from vethab3f1a9
[84554.977306] IPv6: ADDRCONF(NETDEV_CHANGE): vethb418492: link becomes ready
[84554.977362] docker0: port 1(vethb418492) entered blocking state
[84554.977365] docker0: port 1(vethb418492) entered forwarding state
[84554.977445] IPv6: ADDRCONF(NETDEV_CHANGE): docker0: link becomes ready
[84557.283816] docker0: port 1(vethb418492) entered disabled state
[84557.283946] vethab3f1a9: renamed from eth0
[84557.446988] docker0: port 2(veth9a472bd) entered blocking state
[84557.446992] docker0: port 2(veth9a472bd) entered disabled state
[84557.447039] device veth9a472bd entered promiscuous mode
[84557.447178] docker0: port 2(veth9a472bd) entered blocking state
[84557.447181] docker0: port 2(veth9a472bd) entered forwarding state
[84557.447984] docker0: port 1(vethb418492) entered disabled state
[84557.448539] device vethb418492 left promiscuous mode
[84557.448544] docker0: port 1(vethb418492) entered disabled state
[84557.700113] eth0: renamed from veth44aa650
[84557.751068] IPv6: ADDRCONF(NETDEV_CHANGE): veth9a472bd: link becomes ready
[84557.810192] docker0: port 2(veth9a472bd) entered disabled state
[84557.810228] veth44aa650: renamed from eth0
[84557.935022] docker0: port 1(vethaa4df05) entered blocking state
[84557.935026] docker0: port 1(vethaa4df05) entered disabled state
[84557.935068] device vethaa4df05 entered promiscuous mode
[84557.935206] docker0: port 1(vethaa4df05) entered blocking state
[84557.935209] docker0: port 1(vethaa4df05) entered forwarding state
[84557.936291] docker0: port 2(veth9a472bd) entered disabled state
[84557.936870] device veth9a472bd left promiscuous mode
[84557.936873] docker0: port 2(veth9a472bd) entered disabled state
[84558.279402] eth0: renamed from veth43a4b69
[84558.330331] docker0: port 1(vethaa4df05) entered disabled state
[84558.330849] IPv6: ADDRCONF(NETDEV_CHANGE): vethaa4df05: link becomes ready
[84558.330902] docker0: port 1(vethaa4df05) entered blocking state
[84558.330905] docker0: port 1(vethaa4df05) entered forwarding state
[84561.942536] docker0: port 1(vethaa4df05) entered disabled state
[84561.942589] veth43a4b69: renamed from eth0
[84562.063878] docker0: port 2(veth8c275b2) entered blocking state
[84562.063883] docker0: port 2(veth8c275b2) entered disabled state
[84562.063985] device veth8c275b2 entered promiscuous mode
[84562.064251] docker0: port 2(veth8c275b2) entered blocking state
[84562.064254] docker0: port 2(veth8c275b2) entered forwarding state
[84562.068041] docker0: port 1(vethaa4df05) entered disabled state
[84562.068868] device vethaa4df05 left promiscuous mode
[84562.068887] docker0: port 1(vethaa4df05) entered disabled state
[84562.286648] eth0: renamed from vethbe35f5c
[84562.355780] IPv6: ADDRCONF(NETDEV_CHANGE): veth8c275b2: link becomes ready
[84562.402602] docker0: port 2(veth8c275b2) entered disabled state
[84562.402654] vethbe35f5c: renamed from eth0
[84562.542240] docker0: port 1(veth89e3c07) entered blocking state
[84562.542246] docker0: port 1(veth89e3c07) entered disabled state
[84562.542306] device veth89e3c07 entered promiscuous mode
[84562.543076] docker0: port 1(veth89e3c07) entered blocking state
[84562.543082] docker0: port 1(veth89e3c07) entered forwarding state
[84562.545431] docker0: port 2(veth8c275b2) entered disabled state
[84562.545963] device veth8c275b2 left promiscuous mode
[84562.545967] docker0: port 2(veth8c275b2) entered disabled state
[84562.853483] eth0: renamed from vethd0f9ef4
[84562.931703] docker0: port 1(veth89e3c07) entered disabled state
[84562.932356] IPv6: ADDRCONF(NETDEV_CHANGE): veth89e3c07: link becomes ready
[84562.932395] docker0: port 1(veth89e3c07) entered blocking state
[84562.932399] docker0: port 1(veth89e3c07) entered forwarding state
[84567.630043] docker0: port 1(veth89e3c07) entered disabled state
[84567.630078] vethd0f9ef4: renamed from eth0
[84567.782904] docker0: port 2(vethb2e1c46) entered blocking state
[84567.782908] docker0: port 2(vethb2e1c46) entered disabled state
[84567.782953] device vethb2e1c46 entered promiscuous mode
[84567.783112] docker0: port 2(vethb2e1c46) entered blocking state
[84567.783115] docker0: port 2(vethb2e1c46) entered forwarding state
[84567.783782] docker0: port 1(veth89e3c07) entered disabled state
[84567.784243] device veth89e3c07 left promiscuous mode
[84567.784246] docker0: port 1(veth89e3c07) entered disabled state
[84568.011058] eth0: renamed from veth7700435
[84568.071323] IPv6: ADDRCONF(NETDEV_CHANGE): vethb2e1c46: link becomes ready
[84568.121741] docker0: port 2(vethb2e1c46) entered disabled state
[84568.121774] veth7700435: renamed from eth0
[84568.353355] docker0: port 2(vethb2e1c46) entered disabled state
[84568.353957] device vethb2e1c46 left promiscuous mode
[84568.353961] docker0: port 2(vethb2e1c46) entered disabled state
[84569.327474] br-4cd1986c6c5c: port 1(vethf41e8e5) entered blocking state
[84569.327478] br-4cd1986c6c5c: port 1(vethf41e8e5) entered disabled state
[84569.327604] device vethf41e8e5 entered promiscuous mode
[84569.327748] br-4cd1986c6c5c: port 1(vethf41e8e5) entered blocking state
[84569.327751] br-4cd1986c6c5c: port 1(vethf41e8e5) entered forwarding state
[84569.327817] br-4cd1986c6c5c: port 1(vethf41e8e5) entered disabled state
[84569.355936] eth0: renamed from veth6e8d6f0
[84569.411624] IPv6: ADDRCONF(NETDEV_CHANGE): vethf41e8e5: link becomes ready
[84569.411658] br-4cd1986c6c5c: port 1(vethf41e8e5) entered blocking state
[84569.411660] br-4cd1986c6c5c: port 1(vethf41e8e5) entered forwarding state
[84569.411702] IPv6: ADDRCONF(NETDEV_CHANGE): br-4cd1986c6c5c: link becomes ready
[84605.735935] br-4cd1986c6c5c: port 1(vethf41e8e5) entered disabled state
[84605.736088] veth6e8d6f0: renamed from eth0
[84605.891585] br-4cd1986c6c5c: port 1(vethf41e8e5) entered disabled state
[84605.892087] device vethf41e8e5 left promiscuous mode
[84605.892092] br-4cd1986c6c5c: port 1(vethf41e8e5) entered disabled state
[84626.012755] docker0: port 1(veth00804c5) entered blocking state
[84626.012759] docker0: port 1(veth00804c5) entered disabled state
[84626.012827] device veth00804c5 entered promiscuous mode
[84626.164906] eth0: renamed from veth5290f1b
[84626.225078] IPv6: ADDRCONF(NETDEV_CHANGE): veth00804c5: link becomes ready
[84626.225120] docker0: port 1(veth00804c5) entered blocking state
[84626.225123] docker0: port 1(veth00804c5) entered forwarding state
[84627.457191] docker0: port 1(veth00804c5) entered disabled state
[84627.457233] veth5290f1b: renamed from eth0
[84627.574345] docker0: port 2(veth152e531) entered blocking state
[84627.574349] docker0: port 2(veth152e531) entered disabled state
[84627.574486] device veth152e531 entered promiscuous mode
[84627.574703] docker0: port 2(veth152e531) entered blocking state
[84627.574705] docker0: port 2(veth152e531) entered forwarding state
[84627.575457] docker0: port 1(veth00804c5) entered disabled state
[84627.575890] device veth00804c5 left promiscuous mode
[84627.575893] docker0: port 1(veth00804c5) entered disabled state
[84627.772066] eth0: renamed from veth0898695
[84627.831994] IPv6: ADDRCONF(NETDEV_CHANGE): veth152e531: link becomes ready
[84627.888239] docker0: port 2(veth152e531) entered disabled state
[84627.888273] veth0898695: renamed from eth0
[84628.081483] docker0: port 1(vethd8d7f67) entered blocking state
[84628.081487] docker0: port 1(vethd8d7f67) entered disabled state
[84628.081535] device vethd8d7f67 entered promiscuous mode
[84628.081685] docker0: port 1(vethd8d7f67) entered blocking state
[84628.081688] docker0: port 1(vethd8d7f67) entered forwarding state
[84628.085260] docker0: port 2(veth152e531) entered disabled state
[84628.085723] device veth152e531 left promiscuous mode
[84628.085728] docker0: port 2(veth152e531) entered disabled state
[84628.339035] eth0: renamed from veth94d4899
[84628.399105] IPv6: ADDRCONF(NETDEV_CHANGE): vethd8d7f67: link becomes ready
[84632.873861] docker0: port 1(vethd8d7f67) entered disabled state
[84632.873898] veth94d4899: renamed from eth0
[84633.020107] docker0: port 2(vethfb9340e) entered blocking state
[84633.020112] docker0: port 2(vethfb9340e) entered disabled state
[84633.020154] device vethfb9340e entered promiscuous mode
[84633.020324] docker0: port 2(vethfb9340e) entered blocking state
[84633.020326] docker0: port 2(vethfb9340e) entered forwarding state
[84633.023858] docker0: port 1(vethd8d7f67) entered disabled state
[84633.024361] device vethd8d7f67 left promiscuous mode
[84633.024364] docker0: port 1(vethd8d7f67) entered disabled state
[84633.210456] eth0: renamed from veth23a4b57
[84633.261283] IPv6: ADDRCONF(NETDEV_CHANGE): vethfb9340e: link becomes ready
[84633.303666] docker0: port 2(vethfb9340e) entered disabled state
[84633.303700] veth23a4b57: renamed from eth0
[84633.513745] docker0: port 1(veth5dfbada) entered blocking state
[84633.513749] docker0: port 1(veth5dfbada) entered disabled state
[84633.513887] device veth5dfbada entered promiscuous mode
[84633.514029] docker0: port 1(veth5dfbada) entered blocking state
[84633.514031] docker0: port 1(veth5dfbada) entered forwarding state
[84633.515359] docker0: port 2(vethfb9340e) entered disabled state
[84633.515967] device vethfb9340e left promiscuous mode
[84633.515972] docker0: port 2(vethfb9340e) entered disabled state
[84633.764453] eth0: renamed from veth6ff100c
[84633.815443] IPv6: ADDRCONF(NETDEV_CHANGE): veth5dfbada: link becomes ready
[84641.676605] docker0: port 1(veth5dfbada) entered disabled state
[84641.676640] veth6ff100c: renamed from eth0
[84641.815002] docker0: port 2(vethc4ae1cd) entered blocking state
[84641.815006] docker0: port 2(vethc4ae1cd) entered disabled state
[84641.815057] device vethc4ae1cd entered promiscuous mode
[84641.815205] docker0: port 2(vethc4ae1cd) entered blocking state
[84641.815207] docker0: port 2(vethc4ae1cd) entered forwarding state
[84641.819521] docker0: port 1(veth5dfbada) entered disabled state
[84641.819964] device veth5dfbada left promiscuous mode
[84641.819967] docker0: port 1(veth5dfbada) entered disabled state
[84642.038358] eth0: renamed from vethbc65e72
[84642.079528] IPv6: ADDRCONF(NETDEV_CHANGE): vethc4ae1cd: link becomes ready
[84642.122323] docker0: port 2(vethc4ae1cd) entered disabled state
[84642.122379] vethbc65e72: renamed from eth0
[84642.366052] docker0: port 2(vethc4ae1cd) entered disabled state
[84642.366649] device vethc4ae1cd left promiscuous mode
[84642.366655] docker0: port 2(vethc4ae1cd) entered disabled state
[84643.081295] br-4cd1986c6c5c: port 1(veth1424223) entered blocking state
[84643.081300] br-4cd1986c6c5c: port 1(veth1424223) entered disabled state
[84643.081381] device veth1424223 entered promiscuous mode
[84643.081608] br-4cd1986c6c5c: port 1(veth1424223) entered blocking state
[84643.081611] br-4cd1986c6c5c: port 1(veth1424223) entered forwarding state
[84643.081691] br-4cd1986c6c5c: port 1(veth1424223) entered disabled state
[84643.099052] eth0: renamed from vethdf52561
[84643.177425] IPv6: ADDRCONF(NETDEV_CHANGE): veth1424223: link becomes ready
[84643.177475] br-4cd1986c6c5c: port 1(veth1424223) entered blocking state
[84643.177477] br-4cd1986c6c5c: port 1(veth1424223) entered forwarding state
[84680.254259] br-4cd1986c6c5c: port 1(veth1424223) entered disabled state
[84680.254390] vethdf52561: renamed from eth0
[84680.420120] br-4cd1986c6c5c: port 1(veth1424223) entered disabled state
[84680.420580] device veth1424223 left promiscuous mode
[84680.420584] br-4cd1986c6c5c: port 1(veth1424223) entered disabled state
[84717.842569] br-4cd1986c6c5c: port 1(veth7c600cb) entered blocking state
[84717.842573] br-4cd1986c6c5c: port 1(veth7c600cb) entered disabled state
[84717.842644] device veth7c600cb entered promiscuous mode
[84717.860570] eth0: renamed from vethf92e79a
[84717.921106] IPv6: ADDRCONF(NETDEV_CHANGE): veth7c600cb: link becomes ready
[84717.921143] br-4cd1986c6c5c: port 1(veth7c600cb) entered blocking state
[84717.921145] br-4cd1986c6c5c: port 1(veth7c600cb) entered forwarding state
[84767.148642] br-4cd1986c6c5c: port 1(veth7c600cb) entered disabled state
[84767.148799] vethf92e79a: renamed from eth0
[84767.325853] br-4cd1986c6c5c: port 1(veth7c600cb) entered disabled state
[84767.326425] device veth7c600cb left promiscuous mode
[84767.326431] br-4cd1986c6c5c: port 1(veth7c600cb) entered disabled state
[85385.291274] mini_init (174): drop_caches: 1
[85780.142438] docker0: port 1(veth4518dcb) entered blocking state
[85780.142443] docker0: port 1(veth4518dcb) entered disabled state
[85780.142594] device veth4518dcb entered promiscuous mode
[85780.358254] eth0: renamed from veth20eeecc
[85780.399772] IPv6: ADDRCONF(NETDEV_CHANGE): veth4518dcb: link becomes ready
[85780.399807] docker0: port 1(veth4518dcb) entered blocking state
[85780.399809] docker0: port 1(veth4518dcb) entered forwarding state
[85781.897786] docker0: port 1(veth4518dcb) entered disabled state
[85781.897848] veth20eeecc: renamed from eth0
[85782.034056] docker0: port 2(veth3842da2) entered blocking state
[85782.034060] docker0: port 2(veth3842da2) entered disabled state
[85782.034103] device veth3842da2 entered promiscuous mode
[85782.034255] docker0: port 2(veth3842da2) entered blocking state
[85782.034258] docker0: port 2(veth3842da2) entered forwarding state
[85782.037552] docker0: port 1(veth4518dcb) entered disabled state
[85782.038271] device veth4518dcb left promiscuous mode
[85782.038277] docker0: port 1(veth4518dcb) entered disabled state
[85782.308603] eth0: renamed from veth01fd52a
[85782.370226] IPv6: ADDRCONF(NETDEV_CHANGE): veth3842da2: link becomes ready
[85782.426624] docker0: port 2(veth3842da2) entered disabled state
[85782.426660] veth01fd52a: renamed from eth0
[85782.636663] docker0: port 1(veth4b777dd) entered blocking state
[85782.636668] docker0: port 1(veth4b777dd) entered disabled state
[85782.636744] device veth4b777dd entered promiscuous mode
[85782.636964] docker0: port 1(veth4b777dd) entered blocking state
[85782.636967] docker0: port 1(veth4b777dd) entered forwarding state
[85782.638130] docker0: port 2(veth3842da2) entered disabled state
[85782.638904] device veth3842da2 left promiscuous mode
[85782.638922] docker0: port 2(veth3842da2) entered disabled state
[85782.900864] eth0: renamed from vetha72d4bc
[85782.972064] docker0: port 1(veth4b777dd) entered disabled state
[85782.973129] IPv6: ADDRCONF(NETDEV_CHANGE): veth4b777dd: link becomes ready
[85782.973168] docker0: port 1(veth4b777dd) entered blocking state
[85782.973171] docker0: port 1(veth4b777dd) entered forwarding state
[85790.841043] docker0: port 1(veth4b777dd) entered disabled state
[85790.841106] vetha72d4bc: renamed from eth0
[85790.973133] docker0: port 2(veth4640789) entered blocking state
[85790.973137] docker0: port 2(veth4640789) entered disabled state
[85790.973184] device veth4640789 entered promiscuous mode
[85790.973329] docker0: port 2(veth4640789) entered blocking state
[85790.973332] docker0: port 2(veth4640789) entered forwarding state
[85790.974618] docker0: port 1(veth4b777dd) entered disabled state
[85790.975053] device veth4b777dd left promiscuous mode
[85790.975057] docker0: port 1(veth4b777dd) entered disabled state
[85791.197031] eth0: renamed from veth3f924c6
[85791.248406] IPv6: ADDRCONF(NETDEV_CHANGE): veth4640789: link becomes ready
[85791.290375] docker0: port 2(veth4640789) entered disabled state
[85791.290421] veth3f924c6: renamed from eth0
[85791.504506] docker0: port 1(vethb66a8b4) entered blocking state
[85791.504511] docker0: port 1(vethb66a8b4) entered disabled state
[85791.504554] device vethb66a8b4 entered promiscuous mode
[85791.504684] docker0: port 1(vethb66a8b4) entered blocking state
[85791.504687] docker0: port 1(vethb66a8b4) entered forwarding state
[85791.507888] docker0: port 2(veth4640789) entered disabled state
[85791.508335] device veth4640789 left promiscuous mode
[85791.508338] docker0: port 2(veth4640789) entered disabled state
[85791.707726] eth0: renamed from vethd562038
[85791.769480] IPv6: ADDRCONF(NETDEV_CHANGE): vethb66a8b4: link becomes ready
[85797.023255] docker0: port 1(vethb66a8b4) entered disabled state
[85797.023296] vethd562038: renamed from eth0
[85797.127258] docker0: port 2(veth230516b) entered blocking state
[85797.127262] docker0: port 2(veth230516b) entered disabled state
[85797.127304] device veth230516b entered promiscuous mode
[85797.127431] docker0: port 2(veth230516b) entered blocking state
[85797.127433] docker0: port 2(veth230516b) entered forwarding state
[85797.131162] docker0: port 1(vethb66a8b4) entered disabled state
[85797.131835] device vethb66a8b4 left promiscuous mode
[85797.131853] docker0: port 1(vethb66a8b4) entered disabled state
[85797.310158] eth0: renamed from vethef0a431
[85797.372026] IPv6: ADDRCONF(NETDEV_CHANGE): veth230516b: link becomes ready
[85797.415429] docker0: port 2(veth230516b) entered disabled state
[85797.415473] vethef0a431: renamed from eth0
[85797.621822] docker0: port 2(veth230516b) entered disabled state
[85797.622305] device veth230516b left promiscuous mode
[85797.622309] docker0: port 2(veth230516b) entered disabled state
[85798.640273] br-4cd1986c6c5c: port 1(veth8b40cec) entered blocking state
[85798.640278] br-4cd1986c6c5c: port 1(veth8b40cec) entered disabled state
[85798.640320] device veth8b40cec entered promiscuous mode
[85798.640458] br-4cd1986c6c5c: port 1(veth8b40cec) entered blocking state
[85798.640461] br-4cd1986c6c5c: port 1(veth8b40cec) entered forwarding state
[85798.640530] br-4cd1986c6c5c: port 1(veth8b40cec) entered disabled state
[85798.664036] eth0: renamed from veth61ada6e
[85798.721477] IPv6: ADDRCONF(NETDEV_CHANGE): veth8b40cec: link becomes ready
[85798.721514] br-4cd1986c6c5c: port 1(veth8b40cec) entered blocking state
[85798.721516] br-4cd1986c6c5c: port 1(veth8b40cec) entered forwarding state
[85815.499394] br-4cd1986c6c5c: port 1(veth8b40cec) entered disabled state
[85815.499430] veth61ada6e: renamed from eth0
[85815.616608] br-4cd1986c6c5c: port 1(veth8b40cec) entered disabled state
[85815.617214] device veth8b40cec left promiscuous mode
[85815.617219] br-4cd1986c6c5c: port 1(veth8b40cec) entered disabled state
[85824.177284] br-4cd1986c6c5c: port 1(veth2e9351c) entered blocking state
[85824.177288] br-4cd1986c6c5c: port 1(veth2e9351c) entered disabled state
[85824.177328] device veth2e9351c entered promiscuous mode
[85824.192822] eth0: renamed from veth1de69d2
[85824.238489] IPv6: ADDRCONF(NETDEV_CHANGE): veth2e9351c: link becomes ready
[85824.238533] br-4cd1986c6c5c: port 1(veth2e9351c) entered blocking state
[85824.238536] br-4cd1986c6c5c: port 1(veth2e9351c) entered forwarding state
[85881.549451] br-4cd1986c6c5c: port 1(veth2e9351c) entered disabled state
[85881.549501] veth1de69d2: renamed from eth0
[85881.777739] br-4cd1986c6c5c: port 1(veth2e9351c) entered disabled state
[85881.779151] device veth2e9351c left promiscuous mode
[85881.779157] br-4cd1986c6c5c: port 1(veth2e9351c) entered disabled state
[86282.665820] docker0: port 1(veth16d62af) entered blocking state
[86282.665826] docker0: port 1(veth16d62af) entered disabled state
[86282.665904] device veth16d62af entered promiscuous mode
[86282.807487] eth0: renamed from vethb703ff2
[86282.879876] IPv6: ADDRCONF(NETDEV_CHANGE): veth16d62af: link becomes ready
[86282.879929] docker0: port 1(veth16d62af) entered blocking state
[86282.879933] docker0: port 1(veth16d62af) entered forwarding state
[86284.098330] docker0: port 1(veth16d62af) entered disabled state
[86284.098398] vethb703ff2: renamed from eth0
[86284.269234] docker0: port 2(veth128b01e) entered blocking state
[86284.269238] docker0: port 2(veth128b01e) entered disabled state
[86284.269324] device veth128b01e entered promiscuous mode
[86284.269533] docker0: port 2(veth128b01e) entered blocking state
[86284.269536] docker0: port 2(veth128b01e) entered forwarding state
[86284.270353] docker0: port 1(veth16d62af) entered disabled state
[86284.270993] device veth16d62af left promiscuous mode
[86284.270998] docker0: port 1(veth16d62af) entered disabled state
[86284.473679] eth0: renamed from veth812a042
[86284.525648] IPv6: ADDRCONF(NETDEV_CHANGE): veth128b01e: link becomes ready
[86284.580030] docker0: port 2(veth128b01e) entered disabled state
[86284.580079] veth812a042: renamed from eth0
[86284.845388] docker0: port 1(vethf9095cc) entered blocking state
[86284.845392] docker0: port 1(vethf9095cc) entered disabled state
[86284.845455] device vethf9095cc entered promiscuous mode
[86284.845575] docker0: port 1(vethf9095cc) entered blocking state
[86284.845578] docker0: port 1(vethf9095cc) entered forwarding state
[86284.846597] docker0: port 2(veth128b01e) entered disabled state
[86284.847116] device veth128b01e left promiscuous mode
[86284.847120] docker0: port 2(veth128b01e) entered disabled state
[86285.152194] docker0: port 1(vethf9095cc) entered disabled state
[86285.152367] eth0: renamed from veth53d7cb2
[86285.204261] IPv6: ADDRCONF(NETDEV_CHANGE): vethf9095cc: link becomes ready
[86285.204306] docker0: port 1(vethf9095cc) entered blocking state
[86285.204309] docker0: port 1(vethf9095cc) entered forwarding state
[86289.061582] docker0: port 1(vethf9095cc) entered disabled state
[86289.061655] veth53d7cb2: renamed from eth0
[86289.236587] docker0: port 2(vethd4ad1ed) entered blocking state
[86289.236592] docker0: port 2(vethd4ad1ed) entered disabled state
[86289.236636] device vethd4ad1ed entered promiscuous mode
[86289.236763] docker0: port 2(vethd4ad1ed) entered blocking state
[86289.236766] docker0: port 2(vethd4ad1ed) entered forwarding state
[86289.240399] docker0: port 1(vethf9095cc) entered disabled state
[86289.241071] device vethf9095cc left promiscuous mode
[86289.241089] docker0: port 1(vethf9095cc) entered disabled state
[86289.513173] eth0: renamed from veth57f299b
[86289.595983] IPv6: ADDRCONF(NETDEV_CHANGE): vethd4ad1ed: link becomes ready
[86289.638946] docker0: port 2(vethd4ad1ed) entered disabled state
[86289.639001] veth57f299b: renamed from eth0
[86289.905006] docker0: port 1(veth0c42b8e) entered blocking state
[86289.905010] docker0: port 1(veth0c42b8e) entered disabled state
[86289.905055] device veth0c42b8e entered promiscuous mode
[86289.905210] docker0: port 1(veth0c42b8e) entered blocking state
[86289.905213] docker0: port 1(veth0c42b8e) entered forwarding state
[86289.908682] docker0: port 2(vethd4ad1ed) entered disabled state
[86289.909117] device vethd4ad1ed left promiscuous mode
[86289.909122] docker0: port 2(vethd4ad1ed) entered disabled state
[86290.191578] docker0: port 1(veth0c42b8e) entered disabled state
[86290.191710] eth0: renamed from vethbfae313
[86290.274486] IPv6: ADDRCONF(NETDEV_CHANGE): veth0c42b8e: link becomes ready
[86290.274521] docker0: port 1(veth0c42b8e) entered blocking state
[86290.274524] docker0: port 1(veth0c42b8e) entered forwarding state
[86298.652639] docker0: port 1(veth0c42b8e) entered disabled state
[86298.652675] vethbfae313: renamed from eth0
[86298.783077] docker0: port 2(veth208361a) entered blocking state
[86298.783081] docker0: port 2(veth208361a) entered disabled state
[86298.783125] device veth208361a entered promiscuous mode
[86298.783263] docker0: port 2(veth208361a) entered blocking state
[86298.783266] docker0: port 2(veth208361a) entered forwarding state
[86298.786899] docker0: port 1(veth0c42b8e) entered disabled state
[86298.787565] device veth0c42b8e left promiscuous mode
[86298.787570] docker0: port 1(veth0c42b8e) entered disabled state
[86299.047933] eth0: renamed from vetha45feb5
[86299.089176] IPv6: ADDRCONF(NETDEV_CHANGE): veth208361a: link becomes ready
[86299.132483] docker0: port 2(veth208361a) entered disabled state
[86299.132532] vetha45feb5: renamed from eth0
[86299.408409] docker0: port 2(veth208361a) entered disabled state
[86299.408863] device veth208361a left promiscuous mode
[86299.408867] docker0: port 2(veth208361a) entered disabled state
[86300.199532] br-4cd1986c6c5c: port 1(veth3e8a88b) entered blocking state
[86300.199538] br-4cd1986c6c5c: port 1(veth3e8a88b) entered disabled state
[86300.199585] device veth3e8a88b entered promiscuous mode
[86300.199750] br-4cd1986c6c5c: port 1(veth3e8a88b) entered blocking state
[86300.199753] br-4cd1986c6c5c: port 1(veth3e8a88b) entered forwarding state
[86300.199824] br-4cd1986c6c5c: port 1(veth3e8a88b) entered disabled state
[86300.215348] eth0: renamed from veth0f1d951
[86300.315664] IPv6: ADDRCONF(NETDEV_CHANGE): veth3e8a88b: link becomes ready
[86300.315695] br-4cd1986c6c5c: port 1(veth3e8a88b) entered blocking state
[86300.315697] br-4cd1986c6c5c: port 1(veth3e8a88b) entered forwarding state
[86368.950159] br-4cd1986c6c5c: port 1(veth3e8a88b) entered disabled state
[86368.950292] veth0f1d951: renamed from eth0
[86369.159737] br-4cd1986c6c5c: port 1(veth3e8a88b) entered disabled state
[86369.160354] device veth3e8a88b left promiscuous mode
[86369.160358] br-4cd1986c6c5c: port 1(veth3e8a88b) entered disabled state
[86507.077372] docker0: port 1(veth4524d89) entered blocking state
[86507.077394] docker0: port 1(veth4524d89) entered disabled state
[86507.077462] device veth4524d89 entered promiscuous mode
[86507.230463] eth0: renamed from veth5d47113
[86507.291993] IPv6: ADDRCONF(NETDEV_CHANGE): veth4524d89: link becomes ready
[86507.292033] docker0: port 1(veth4524d89) entered blocking state
[86507.292035] docker0: port 1(veth4524d89) entered forwarding state
[86508.539967] docker0: port 1(veth4524d89) entered disabled state
[86508.540032] veth5d47113: renamed from eth0
[86508.710941] docker0: port 2(veth218030d) entered blocking state
[86508.710946] docker0: port 2(veth218030d) entered disabled state
[86508.710988] device veth218030d entered promiscuous mode
[86508.711121] docker0: port 2(veth218030d) entered blocking state
[86508.711123] docker0: port 2(veth218030d) entered forwarding state
[86508.715425] docker0: port 1(veth4524d89) entered disabled state
[86508.715894] device veth4524d89 left promiscuous mode
[86508.715897] docker0: port 1(veth4524d89) entered disabled state
[86508.965102] eth0: renamed from veth541acd6
[86509.036872] IPv6: ADDRCONF(NETDEV_CHANGE): veth218030d: link becomes ready
[86509.092879] docker0: port 2(veth218030d) entered disabled state
[86509.092916] veth541acd6: renamed from eth0
[86509.242477] docker0: port 1(vethdf68e03) entered blocking state
[86509.242483] docker0: port 1(vethdf68e03) entered disabled state
[86509.242551] device vethdf68e03 entered promiscuous mode
[86509.243371] docker0: port 1(vethdf68e03) entered blocking state
[86509.243376] docker0: port 1(vethdf68e03) entered forwarding state
[86509.244781] docker0: port 2(veth218030d) entered disabled state
[86509.245251] device veth218030d left promiscuous mode
[86509.245254] docker0: port 2(veth218030d) entered disabled state
[86509.526518] eth0: renamed from veth53f7f99
[86509.567435] docker0: port 1(vethdf68e03) entered disabled state
[86509.568383] IPv6: ADDRCONF(NETDEV_CHANGE): vethdf68e03: link becomes ready
[86509.568419] docker0: port 1(vethdf68e03) entered blocking state
[86509.568421] docker0: port 1(vethdf68e03) entered forwarding state
[86512.718748] docker0: port 1(vethdf68e03) entered disabled state
[86512.718787] veth53f7f99: renamed from eth0
[86512.855251] docker0: port 2(vethf1a6ee2) entered blocking state
[86512.855255] docker0: port 2(vethf1a6ee2) entered disabled state
[86512.855303] device vethf1a6ee2 entered promiscuous mode
[86512.855443] docker0: port 2(vethf1a6ee2) entered blocking state
[86512.855476] docker0: port 2(vethf1a6ee2) entered forwarding state
[86512.856674] docker0: port 1(vethdf68e03) entered disabled state
[86512.857312] device vethdf68e03 left promiscuous mode
[86512.857315] docker0: port 1(vethdf68e03) entered disabled state
[86513.108639] eth0: renamed from vethbd473ac
[86513.150026] IPv6: ADDRCONF(NETDEV_CHANGE): vethf1a6ee2: link becomes ready
[86513.191989] docker0: port 2(vethf1a6ee2) entered disabled state
[86513.192066] vethbd473ac: renamed from eth0
[86513.396375] docker0: port 1(veth264a76e) entered blocking state
[86513.396380] docker0: port 1(veth264a76e) entered disabled state
[86513.396436] device veth264a76e entered promiscuous mode
[86513.396728] docker0: port 1(veth264a76e) entered blocking state
[86513.396732] docker0: port 1(veth264a76e) entered forwarding state
[86513.397828] docker0: port 2(vethf1a6ee2) entered disabled state
[86513.398282] device vethf1a6ee2 left promiscuous mode
[86513.398286] docker0: port 2(vethf1a6ee2) entered disabled state
[86513.649100] eth0: renamed from veth5326103
[86513.721213] IPv6: ADDRCONF(NETDEV_CHANGE): veth264a76e: link becomes ready
[86518.088154] docker0: port 1(veth264a76e) entered disabled state
[86518.088192] veth5326103: renamed from eth0
[86518.269508] docker0: port 2(veth5f4c969) entered blocking state
[86518.269514] docker0: port 2(veth5f4c969) entered disabled state
[86518.269569] device veth5f4c969 entered promiscuous mode
[86518.269750] docker0: port 2(veth5f4c969) entered blocking state
[86518.269753] docker0: port 2(veth5f4c969) entered forwarding state
[86518.274414] docker0: port 1(veth264a76e) entered disabled state
[86518.274838] device veth264a76e left promiscuous mode
[86518.274841] docker0: port 1(veth264a76e) entered disabled state
[86518.482576] eth0: renamed from vethb59beb3
[86518.533969] IPv6: ADDRCONF(NETDEV_CHANGE): veth5f4c969: link becomes ready
[86518.577837] docker0: port 2(veth5f4c969) entered disabled state
[86518.577881] vethb59beb3: renamed from eth0
[86518.852696] docker0: port 2(veth5f4c969) entered disabled state
[86518.853211] device veth5f4c969 left promiscuous mode
[86518.853215] docker0: port 2(veth5f4c969) entered disabled state
[86519.683862] br-4cd1986c6c5c: port 1(veth1a3fb77) entered blocking state
[86519.683867] br-4cd1986c6c5c: port 1(veth1a3fb77) entered disabled state
[86519.683911] device veth1a3fb77 entered promiscuous mode
[86519.684102] br-4cd1986c6c5c: port 1(veth1a3fb77) entered blocking state
[86519.684105] br-4cd1986c6c5c: port 1(veth1a3fb77) entered forwarding state
[86519.684193] br-4cd1986c6c5c: port 1(veth1a3fb77) entered disabled state
[86519.700463] eth0: renamed from veth686db3c
[86519.798699] IPv6: ADDRCONF(NETDEV_CHANGE): veth1a3fb77: link becomes ready
[86519.798734] br-4cd1986c6c5c: port 1(veth1a3fb77) entered blocking state
[86519.798736] br-4cd1986c6c5c: port 1(veth1a3fb77) entered forwarding state
[86584.354330] br-4cd1986c6c5c: port 1(veth1a3fb77) entered disabled state
[86584.354386] veth686db3c: renamed from eth0
[86584.492649] br-4cd1986c6c5c: port 1(veth1a3fb77) entered disabled state
[86584.493308] device veth1a3fb77 left promiscuous mode
[86584.493313] br-4cd1986c6c5c: port 1(veth1a3fb77) entered disabled state
[86852.248594] docker0: port 1(vethbdc9feb) entered blocking state
[86852.248599] docker0: port 1(vethbdc9feb) entered disabled state
[86852.248690] device vethbdc9feb entered promiscuous mode
[86852.387495] eth0: renamed from vethdbc6f1c
[86852.429122] IPv6: ADDRCONF(NETDEV_CHANGE): vethbdc9feb: link becomes ready
[86852.429166] docker0: port 1(vethbdc9feb) entered blocking state
[86852.429168] docker0: port 1(vethbdc9feb) entered forwarding state
[86853.724100] docker0: port 1(vethbdc9feb) entered disabled state
[86853.724150] vethdbc6f1c: renamed from eth0
[86853.871639] docker0: port 2(vetha7672aa) entered blocking state
[86853.871643] docker0: port 2(vetha7672aa) entered disabled state
[86853.871687] device vetha7672aa entered promiscuous mode
[86853.871883] docker0: port 2(vetha7672aa) entered blocking state
[86853.871886] docker0: port 2(vetha7672aa) entered forwarding state
[86853.873073] docker0: port 1(vethbdc9feb) entered disabled state
[86853.873742] device vethbdc9feb left promiscuous mode
[86853.873746] docker0: port 1(vethbdc9feb) entered disabled state
[86854.156648] eth0: renamed from veth2d0aa9a
[86854.198108] IPv6: ADDRCONF(NETDEV_CHANGE): vetha7672aa: link becomes ready
[86854.252894] docker0: port 2(vetha7672aa) entered disabled state
[86854.252966] veth2d0aa9a: renamed from eth0
[86854.372617] docker0: port 1(veth8ac5a4c) entered blocking state
[86854.372622] docker0: port 1(veth8ac5a4c) entered disabled state
[86854.372671] device veth8ac5a4c entered promiscuous mode
[86854.372819] docker0: port 1(veth8ac5a4c) entered blocking state
[86854.372822] docker0: port 1(veth8ac5a4c) entered forwarding state
[86854.376668] docker0: port 2(vetha7672aa) entered disabled state
[86854.377360] device vetha7672aa left promiscuous mode
[86854.377365] docker0: port 2(vetha7672aa) entered disabled state
[86854.698732] eth0: renamed from veth77c24b9
[86854.749516] docker0: port 1(veth8ac5a4c) entered disabled state
[86854.750224] IPv6: ADDRCONF(NETDEV_CHANGE): veth8ac5a4c: link becomes ready
[86854.750255] docker0: port 1(veth8ac5a4c) entered blocking state
[86854.750257] docker0: port 1(veth8ac5a4c) entered forwarding state
[86857.827639] docker0: port 1(veth8ac5a4c) entered disabled state
[86857.827676] veth77c24b9: renamed from eth0
[86857.943138] docker0: port 2(vethc9612e6) entered blocking state
[86857.943159] docker0: port 2(vethc9612e6) entered disabled state
[86857.943214] device vethc9612e6 entered promiscuous mode
[86857.943367] docker0: port 2(vethc9612e6) entered blocking state
[86857.943370] docker0: port 2(vethc9612e6) entered forwarding state
[86857.944612] docker0: port 1(veth8ac5a4c) entered disabled state
[86857.945374] device veth8ac5a4c left promiscuous mode
[86857.945395] docker0: port 1(veth8ac5a4c) entered disabled state
[86858.177085] eth0: renamed from veth478f888
[86858.238987] IPv6: ADDRCONF(NETDEV_CHANGE): vethc9612e6: link becomes ready
[86858.284910] docker0: port 2(vethc9612e6) entered disabled state
[86858.284978] veth478f888: renamed from eth0
[86858.495183] docker0: port 1(vethc03efea) entered blocking state
[86858.495189] docker0: port 1(vethc03efea) entered disabled state
[86858.495235] device vethc03efea entered promiscuous mode
[86858.495382] docker0: port 1(vethc03efea) entered blocking state
[86858.495385] docker0: port 1(vethc03efea) entered forwarding state
[86858.499130] docker0: port 2(vethc9612e6) entered disabled state
[86858.499573] device vethc9612e6 left promiscuous mode
[86858.499576] docker0: port 2(vethc9612e6) entered disabled state
[86858.811452] eth0: renamed from veth208a33e
[86858.862809] docker0: port 1(vethc03efea) entered disabled state
[86858.863366] IPv6: ADDRCONF(NETDEV_CHANGE): vethc03efea: link becomes ready
[86858.863403] docker0: port 1(vethc03efea) entered blocking state
[86858.863406] docker0: port 1(vethc03efea) entered forwarding state
[86863.472213] docker0: port 1(vethc03efea) entered disabled state
[86863.472252] veth208a33e: renamed from eth0
[86863.601312] docker0: port 2(vethaf5efda) entered blocking state
[86863.601316] docker0: port 2(vethaf5efda) entered disabled state
[86863.601361] device vethaf5efda entered promiscuous mode
[86863.601494] docker0: port 2(vethaf5efda) entered blocking state
[86863.601525] docker0: port 2(vethaf5efda) entered forwarding state
[86863.602669] docker0: port 1(vethc03efea) entered disabled state
[86863.603173] device vethc03efea left promiscuous mode
[86863.603176] docker0: port 1(vethc03efea) entered disabled state
[86863.794800] eth0: renamed from veth4b2375b
[86863.856803] IPv6: ADDRCONF(NETDEV_CHANGE): vethaf5efda: link becomes ready
[86863.900656] docker0: port 2(vethaf5efda) entered disabled state
[86863.900692] veth4b2375b: renamed from eth0
[86864.032821] docker0: port 2(vethaf5efda) entered disabled state
[86864.033247] device vethaf5efda left promiscuous mode
[86864.033278] docker0: port 2(vethaf5efda) entered disabled state
[86865.017313] br-4cd1986c6c5c: port 1(veth18f4d98) entered blocking state
[86865.017317] br-4cd1986c6c5c: port 1(veth18f4d98) entered disabled state
[86865.017395] device veth18f4d98 entered promiscuous mode
[86865.017541] br-4cd1986c6c5c: port 1(veth18f4d98) entered blocking state
[86865.017544] br-4cd1986c6c5c: port 1(veth18f4d98) entered forwarding state
[86865.017615] br-4cd1986c6c5c: port 1(veth18f4d98) entered disabled state
[86865.034559] eth0: renamed from veth41a25fe
[86865.085840] IPv6: ADDRCONF(NETDEV_CHANGE): veth18f4d98: link becomes ready
[86865.085884] br-4cd1986c6c5c: port 1(veth18f4d98) entered blocking state
[86865.085887] br-4cd1986c6c5c: port 1(veth18f4d98) entered forwarding state
[86926.239340] br-4cd1986c6c5c: port 1(veth18f4d98) entered disabled state
[86926.239469] veth41a25fe: renamed from eth0
[86926.427703] br-4cd1986c6c5c: port 1(veth18f4d98) entered disabled state
[86926.428993] device veth18f4d98 left promiscuous mode
[86926.428999] br-4cd1986c6c5c: port 1(veth18f4d98) entered disabled state
[87117.084329] br-4cd1986c6c5c: port 1(veth24bf05f) entered blocking state
[87117.084351] br-4cd1986c6c5c: port 1(veth24bf05f) entered disabled state
[87117.084429] device veth24bf05f entered promiscuous mode
[87117.100235] eth0: renamed from veth2baed4e
[87117.166664] IPv6: ADDRCONF(NETDEV_CHANGE): veth24bf05f: link becomes ready
[87117.166700] br-4cd1986c6c5c: port 1(veth24bf05f) entered blocking state
[87117.166702] br-4cd1986c6c5c: port 1(veth24bf05f) entered forwarding state
[87154.794969] br-4cd1986c6c5c: port 1(veth24bf05f) entered disabled state
[87154.795019] veth2baed4e: renamed from eth0
[87154.953944] br-4cd1986c6c5c: port 1(veth24bf05f) entered disabled state
[87154.954484] device veth24bf05f left promiscuous mode
[87154.954489] br-4cd1986c6c5c: port 1(veth24bf05f) entered disabled state
[87216.187423] br-4cd1986c6c5c: port 1(vetha95289e) entered blocking state
[87216.187429] br-4cd1986c6c5c: port 1(vetha95289e) entered disabled state
[87216.187474] device vetha95289e entered promiscuous mode
[87216.203743] eth0: renamed from veth6127cb4
[87216.272231] IPv6: ADDRCONF(NETDEV_CHANGE): vetha95289e: link becomes ready
[87216.272271] br-4cd1986c6c5c: port 1(vetha95289e) entered blocking state
[87216.272273] br-4cd1986c6c5c: port 1(vetha95289e) entered forwarding state
[87260.350736] br-4cd1986c6c5c: port 1(vetha95289e) entered disabled state
[87260.350833] veth6127cb4: renamed from eth0
[87260.477557] br-4cd1986c6c5c: port 1(vetha95289e) entered disabled state
[87260.478190] device vetha95289e left promiscuous mode
[87260.478195] br-4cd1986c6c5c: port 1(vetha95289e) entered disabled state
[87264.879315] br-4cd1986c6c5c: port 1(veth7e0c46f) entered blocking state
[87264.879320] br-4cd1986c6c5c: port 1(veth7e0c46f) entered disabled state
[87264.879406] device veth7e0c46f entered promiscuous mode
[87264.896428] eth0: renamed from veth6ba0409
[87264.993946] IPv6: ADDRCONF(NETDEV_CHANGE): veth7e0c46f: link becomes ready
[87264.993984] br-4cd1986c6c5c: port 1(veth7e0c46f) entered blocking state
[87264.993986] br-4cd1986c6c5c: port 1(veth7e0c46f) entered forwarding state
[87334.064006] br-4cd1986c6c5c: port 1(veth7e0c46f) entered disabled state
[87334.064044] veth6ba0409: renamed from eth0
[87334.201147] br-4cd1986c6c5c: port 1(veth7e0c46f) entered disabled state
[87334.201681] device veth7e0c46f left promiscuous mode
[87334.201687] br-4cd1986c6c5c: port 1(veth7e0c46f) entered disabled state
[87364.840951] br-4cd1986c6c5c: port 1(veth8108c81) entered blocking state
[87364.840956] br-4cd1986c6c5c: port 1(veth8108c81) entered disabled state
[87364.841003] device veth8108c81 entered promiscuous mode
[87364.859709] eth0: renamed from vetheb0a796
[87364.914256] IPv6: ADDRCONF(NETDEV_CHANGE): veth8108c81: link becomes ready
[87364.914291] br-4cd1986c6c5c: port 1(veth8108c81) entered blocking state
[87364.914294] br-4cd1986c6c5c: port 1(veth8108c81) entered forwarding state
[87468.823889] br-4cd1986c6c5c: port 1(veth8108c81) entered disabled state
[87468.824028] vetheb0a796: renamed from eth0
[87468.981330] br-4cd1986c6c5c: port 1(veth8108c81) entered disabled state
[87468.982283] device veth8108c81 left promiscuous mode
[87468.982290] br-4cd1986c6c5c: port 1(veth8108c81) entered disabled state
[87495.762471] docker0: port 1(veth05f7ead) entered blocking state
[87495.762523] docker0: port 1(veth05f7ead) entered disabled state
[87495.762610] device veth05f7ead entered promiscuous mode
[87495.921993] eth0: renamed from veth57e3365
[87495.974226] IPv6: ADDRCONF(NETDEV_CHANGE): veth05f7ead: link becomes ready
[87495.974261] docker0: port 1(veth05f7ead) entered blocking state
[87495.974263] docker0: port 1(veth05f7ead) entered forwarding state
[87521.744254] docker0: port 1(veth05f7ead) entered disabled state
[87521.744292] veth57e3365: renamed from eth0
[87521.892368] docker0: port 1(veth05f7ead) entered disabled state
[87521.893024] device veth05f7ead left promiscuous mode
[87521.893028] docker0: port 1(veth05f7ead) entered disabled state
[87522.050615] docker0: port 1(vethd862e87) entered blocking state
[87522.050619] docker0: port 1(vethd862e87) entered disabled state
[87522.050665] device vethd862e87 entered promiscuous mode
[87522.050818] docker0: port 1(vethd862e87) entered blocking state
[87522.050820] docker0: port 1(vethd862e87) entered forwarding state
[87522.226365] eth0: renamed from veth225ed44
[87522.308260] IPv6: ADDRCONF(NETDEV_CHANGE): vethd862e87: link becomes ready
[87537.095378] docker0: port 1(vethd862e87) entered disabled state
[87537.095435] veth225ed44: renamed from eth0
[87537.248920] docker0: port 1(vethd862e87) entered disabled state
[87537.249480] device vethd862e87 left promiscuous mode
[87537.249485] docker0: port 1(vethd862e87) entered disabled state
[87537.398341] docker0: port 1(veth4cba4ab) entered blocking state
[87537.398345] docker0: port 1(veth4cba4ab) entered disabled state
[87537.398392] device veth4cba4ab entered promiscuous mode
[87537.398604] docker0: port 1(veth4cba4ab) entered blocking state
[87537.398606] docker0: port 1(veth4cba4ab) entered forwarding state
[87537.540203] eth0: renamed from vethdbeefb0
[87537.581609] IPv6: ADDRCONF(NETDEV_CHANGE): veth4cba4ab: link becomes ready
[87540.084604] docker0: port 1(veth4cba4ab) entered disabled state
[87540.084641] vethdbeefb0: renamed from eth0
[87540.271277] docker0: port 1(veth4cba4ab) entered disabled state
[87540.271805] device veth4cba4ab left promiscuous mode
[87540.271809] docker0: port 1(veth4cba4ab) entered disabled state
[87540.403270] docker0: port 1(veth769bf07) entered blocking state
[87540.403275] docker0: port 1(veth769bf07) entered disabled state
[87540.403320] device veth769bf07 entered promiscuous mode
[87540.403462] docker0: port 1(veth769bf07) entered blocking state
[87540.403465] docker0: port 1(veth769bf07) entered forwarding state
[87540.576933] eth0: renamed from veth5dc5dd2
[87540.638665] IPv6: ADDRCONF(NETDEV_CHANGE): veth769bf07: link becomes ready
[87541.848758] docker0: port 1(veth769bf07) entered disabled state
[87541.848796] veth5dc5dd2: renamed from eth0
[87542.023979] docker0: port 2(vetha962f83) entered blocking state
[87542.023983] docker0: port 2(vetha962f83) entered disabled state
[87542.024278] device vetha962f83 entered promiscuous mode
[87542.024456] docker0: port 2(vetha962f83) entered blocking state
[87542.024458] docker0: port 2(vetha962f83) entered forwarding state
[87542.025759] docker0: port 1(veth769bf07) entered disabled state
[87542.026215] device veth769bf07 left promiscuous mode
[87542.026218] docker0: port 1(veth769bf07) entered disabled state
[87542.166339] docker0: port 2(vetha962f83) entered disabled state
[87542.320589] eth0: renamed from veth01ff1a9
[87542.372350] IPv6: ADDRCONF(NETDEV_CHANGE): vetha962f83: link becomes ready
[87542.372387] docker0: port 2(vetha962f83) entered blocking state
[87542.372389] docker0: port 2(vetha962f83) entered forwarding state
[87542.428382] docker0: port 2(vetha962f83) entered disabled state
[87542.428441] veth01ff1a9: renamed from eth0
[87542.660256] docker0: port 1(veth555351a) entered blocking state
[87542.660260] docker0: port 1(veth555351a) entered disabled state
[87542.660304] device veth555351a entered promiscuous mode
[87542.660438] docker0: port 1(veth555351a) entered blocking state
[87542.660440] docker0: port 1(veth555351a) entered forwarding state
[87542.661567] docker0: port 2(vetha962f83) entered disabled state
[87542.662255] device vetha962f83 left promiscuous mode
[87542.662259] docker0: port 2(vetha962f83) entered disabled state
[87542.885040] eth0: renamed from vethf7083aa
[87542.946846] IPv6: ADDRCONF(NETDEV_CHANGE): veth555351a: link becomes ready
[87545.480513] docker0: port 1(veth555351a) entered disabled state
[87545.480578] vethf7083aa: renamed from eth0
[87545.664770] docker0: port 2(veth430ab0d) entered blocking state
[87545.664774] docker0: port 2(veth430ab0d) entered disabled state
[87545.664823] device veth430ab0d entered promiscuous mode
[87545.664955] docker0: port 2(veth430ab0d) entered blocking state
[87545.664958] docker0: port 2(veth430ab0d) entered forwarding state
[87545.668587] docker0: port 1(veth555351a) entered disabled state
[87545.669062] device veth555351a left promiscuous mode
[87545.669065] docker0: port 1(veth555351a) entered disabled state
[87545.908448] eth0: renamed from veth695020f
[87545.949956] IPv6: ADDRCONF(NETDEV_CHANGE): veth430ab0d: link becomes ready
[87545.993324] docker0: port 2(veth430ab0d) entered disabled state
[87545.993374] veth695020f: renamed from eth0
[87546.165349] docker0: port 1(vethdbb207e) entered blocking state
[87546.165353] docker0: port 1(vethdbb207e) entered disabled state
[87546.165429] device vethdbb207e entered promiscuous mode
[87546.165574] docker0: port 1(vethdbb207e) entered blocking state
[87546.165577] docker0: port 1(vethdbb207e) entered forwarding state
[87546.169693] docker0: port 2(veth430ab0d) entered disabled state
[87546.170308] device veth430ab0d left promiscuous mode
[87546.170313] docker0: port 2(veth430ab0d) entered disabled state
[87546.420190] eth0: renamed from veth6742ea8
[87546.482138] IPv6: ADDRCONF(NETDEV_CHANGE): vethdbb207e: link becomes ready
[87550.771509] docker0: port 1(vethdbb207e) entered disabled state
[87550.771547] veth6742ea8: renamed from eth0
[87550.894282] docker0: port 2(veth082e3d4) entered blocking state
[87550.894285] docker0: port 2(veth082e3d4) entered disabled state
[87550.894327] device veth082e3d4 entered promiscuous mode
[87550.894480] docker0: port 2(veth082e3d4) entered blocking state
[87550.894482] docker0: port 2(veth082e3d4) entered forwarding state
[87550.895441] docker0: port 1(vethdbb207e) entered disabled state
[87550.895963] device vethdbb207e left promiscuous mode
[87550.895967] docker0: port 1(vethdbb207e) entered disabled state
[87551.107817] eth0: renamed from veth1aa1031
[87551.200555] IPv6: ADDRCONF(NETDEV_CHANGE): veth082e3d4: link becomes ready
[87551.246396] docker0: port 2(veth082e3d4) entered disabled state
[87551.246491] veth1aa1031: renamed from eth0
[87551.356026] docker0: port 2(veth082e3d4) entered disabled state
[87551.356584] device veth082e3d4 left promiscuous mode
[87551.356589] docker0: port 2(veth082e3d4) entered disabled state
[87564.626239] br-4cd1986c6c5c: port 1(veth78eaabe) entered blocking state
[87564.626284] br-4cd1986c6c5c: port 1(veth78eaabe) entered disabled state
[87564.626342] device veth78eaabe entered promiscuous mode
[87564.642746] eth0: renamed from veth2b9fd92
[87564.737556] IPv6: ADDRCONF(NETDEV_CHANGE): veth78eaabe: link becomes ready
[87564.737624] br-4cd1986c6c5c: port 1(veth78eaabe) entered blocking state
[87564.737629] br-4cd1986c6c5c: port 1(veth78eaabe) entered forwarding state
[87596.187116] br-4cd1986c6c5c: port 1(veth78eaabe) entered disabled state
[87596.187165] veth2b9fd92: renamed from eth0
[87596.345464] br-4cd1986c6c5c: port 1(veth78eaabe) entered disabled state
[87596.346074] device veth78eaabe left promiscuous mode
[87596.346078] br-4cd1986c6c5c: port 1(veth78eaabe) entered disabled state
[87601.610850] br-4cd1986c6c5c: port 1(veth5b98766) entered blocking state
[87601.610854] br-4cd1986c6c5c: port 1(veth5b98766) entered disabled state
[87601.610898] device veth5b98766 entered promiscuous mode
[87601.629902] eth0: renamed from vethc55ec3d
[87601.697170] IPv6: ADDRCONF(NETDEV_CHANGE): veth5b98766: link becomes ready
[87601.697230] br-4cd1986c6c5c: port 1(veth5b98766) entered blocking state
[87601.697234] br-4cd1986c6c5c: port 1(veth5b98766) entered forwarding state
[87850.648725] br-4cd1986c6c5c: port 1(veth5b98766) entered disabled state
[87850.649003] vethc55ec3d: renamed from eth0
[87850.786221] br-4cd1986c6c5c: port 1(veth5b98766) entered disabled state
[87850.786836] device veth5b98766 left promiscuous mode
[87850.786840] br-4cd1986c6c5c: port 1(veth5b98766) entered disabled state
[87857.954988] docker0: port 1(vethecde321) entered blocking state
[87857.954993] docker0: port 1(vethecde321) entered disabled state
[87857.955077] device vethecde321 entered promiscuous mode
[87858.101860] eth0: renamed from veth33e5dc8
[87858.143106] IPv6: ADDRCONF(NETDEV_CHANGE): vethecde321: link becomes ready
[87858.143143] docker0: port 1(vethecde321) entered blocking state
[87858.143145] docker0: port 1(vethecde321) entered forwarding state
[87858.187026] docker0: port 1(vethecde321) entered disabled state
[87858.187065] veth33e5dc8: renamed from eth0
[87858.329674] docker0: port 1(vethecde321) entered disabled state
[87858.330109] device vethecde321 left promiscuous mode
[87858.330113] docker0: port 1(vethecde321) entered disabled state
[87858.884788] br-4cd1986c6c5c: port 1(veth4a6dc07) entered blocking state
[87858.884793] br-4cd1986c6c5c: port 1(veth4a6dc07) entered disabled state
[87858.884839] device veth4a6dc07 entered promiscuous mode
[87858.885095] br-4cd1986c6c5c: port 1(veth4a6dc07) entered blocking state
[87858.885098] br-4cd1986c6c5c: port 1(veth4a6dc07) entered forwarding state
[87858.885170] br-4cd1986c6c5c: port 1(veth4a6dc07) entered disabled state
[87858.903687] eth0: renamed from vethdfa6b28
[87858.982406] IPv6: ADDRCONF(NETDEV_CHANGE): veth4a6dc07: link becomes ready
[87858.982435] br-4cd1986c6c5c: port 1(veth4a6dc07) entered blocking state
[87858.982437] br-4cd1986c6c5c: port 1(veth4a6dc07) entered forwarding state
[87870.553770] br-4cd1986c6c5c: port 1(veth4a6dc07) entered disabled state
[87870.553843] vethdfa6b28: renamed from eth0
[87870.671291] br-4cd1986c6c5c: port 1(veth4a6dc07) entered disabled state
[87870.671794] device veth4a6dc07 left promiscuous mode
[87870.671798] br-4cd1986c6c5c: port 1(veth4a6dc07) entered disabled state
[87877.665962] br-4cd1986c6c5c: port 1(veth40ca73f) entered blocking state
[87877.665966] br-4cd1986c6c5c: port 1(veth40ca73f) entered disabled state
[87877.666010] device veth40ca73f entered promiscuous mode
[87877.684965] eth0: renamed from veth1e624df
[87877.763940] IPv6: ADDRCONF(NETDEV_CHANGE): veth40ca73f: link becomes ready
[87877.763985] br-4cd1986c6c5c: port 1(veth40ca73f) entered blocking state
[87877.763988] br-4cd1986c6c5c: port 1(veth40ca73f) entered forwarding state
[87926.230011] br-4cd1986c6c5c: port 1(veth40ca73f) entered disabled state
[87926.230147] veth1e624df: renamed from eth0
[87926.377207] br-4cd1986c6c5c: port 1(veth40ca73f) entered disabled state
[87926.377990] device veth40ca73f left promiscuous mode
[87926.377996] br-4cd1986c6c5c: port 1(veth40ca73f) entered disabled state
[87944.157375] docker0: port 1(veth2ebd0f5) entered blocking state
[87944.157401] docker0: port 1(veth2ebd0f5) entered disabled state
[87944.157447] device veth2ebd0f5 entered promiscuous mode
[87944.303760] eth0: renamed from vethd992c1c
[87944.396209] IPv6: ADDRCONF(NETDEV_CHANGE): veth2ebd0f5: link becomes ready
[87944.396250] docker0: port 1(veth2ebd0f5) entered blocking state
[87944.396252] docker0: port 1(veth2ebd0f5) entered forwarding state
[87944.441674] docker0: port 1(veth2ebd0f5) entered disabled state
[87944.441710] vethd992c1c: renamed from eth0
[87944.614326] docker0: port 1(veth2ebd0f5) entered disabled state
[87944.615035] device veth2ebd0f5 left promiscuous mode
[87944.615039] docker0: port 1(veth2ebd0f5) entered disabled state
[87945.192809] br-4cd1986c6c5c: port 1(vethb62c907) entered blocking state
[87945.192813] br-4cd1986c6c5c: port 1(vethb62c907) entered disabled state
[87945.192859] device vethb62c907 entered promiscuous mode
[87945.193095] br-4cd1986c6c5c: port 1(vethb62c907) entered blocking state
[87945.193098] br-4cd1986c6c5c: port 1(vethb62c907) entered forwarding state
[87945.193165] br-4cd1986c6c5c: port 1(vethb62c907) entered disabled state
[87945.209508] eth0: renamed from veth748851a
[87945.288106] IPv6: ADDRCONF(NETDEV_CHANGE): vethb62c907: link becomes ready
[87945.288171] br-4cd1986c6c5c: port 1(vethb62c907) entered blocking state
[87945.288173] br-4cd1986c6c5c: port 1(vethb62c907) entered forwarding state
[87997.507055] br-4cd1986c6c5c: port 1(vethb62c907) entered disabled state
[87997.507096] veth748851a: renamed from eth0
[87997.695728] br-4cd1986c6c5c: port 1(vethb62c907) entered disabled state
[87997.696346] device vethb62c907 left promiscuous mode
[87997.696350] br-4cd1986c6c5c: port 1(vethb62c907) entered disabled state
[88008.412251] br-4cd1986c6c5c: port 1(veth2571eb0) entered blocking state
[88008.412255] br-4cd1986c6c5c: port 1(veth2571eb0) entered disabled state
[88008.412299] device veth2571eb0 entered promiscuous mode
[88008.429724] eth0: renamed from veth4c0ea21
[88008.539934] IPv6: ADDRCONF(NETDEV_CHANGE): veth2571eb0: link becomes ready
[88008.539980] br-4cd1986c6c5c: port 1(veth2571eb0) entered blocking state
[88008.539983] br-4cd1986c6c5c: port 1(veth2571eb0) entered forwarding state
[88067.944376] br-4cd1986c6c5c: port 1(veth2571eb0) entered disabled state
[88067.944557] veth4c0ea21: renamed from eth0
[88068.122985] br-4cd1986c6c5c: port 1(veth2571eb0) entered disabled state
[88068.123482] device veth2571eb0 left promiscuous mode
[88068.123486] br-4cd1986c6c5c: port 1(veth2571eb0) entered disabled state
[88139.434296] docker0: port 1(veth241dbf9) entered blocking state
[88139.434300] docker0: port 1(veth241dbf9) entered disabled state
[88139.434367] device veth241dbf9 entered promiscuous mode
[88139.596159] eth0: renamed from vethb09ab60
[88139.647887] IPv6: ADDRCONF(NETDEV_CHANGE): veth241dbf9: link becomes ready
[88139.647967] docker0: port 1(veth241dbf9) entered blocking state
[88139.647970] docker0: port 1(veth241dbf9) entered forwarding state
[88139.696884] docker0: port 1(veth241dbf9) entered disabled state
[88139.696923] vethb09ab60: renamed from eth0
[88139.875617] docker0: port 1(veth241dbf9) entered disabled state
[88139.876308] device veth241dbf9 left promiscuous mode
[88139.876313] docker0: port 1(veth241dbf9) entered disabled state
[88140.482540] br-4cd1986c6c5c: port 1(vethf8fa6f9) entered blocking state
[88140.482545] br-4cd1986c6c5c: port 1(vethf8fa6f9) entered disabled state
[88140.482632] device vethf8fa6f9 entered promiscuous mode
[88140.482853] br-4cd1986c6c5c: port 1(vethf8fa6f9) entered blocking state
[88140.482856] br-4cd1986c6c5c: port 1(vethf8fa6f9) entered forwarding state
[88140.482970] br-4cd1986c6c5c: port 1(vethf8fa6f9) entered disabled state
[88140.503184] eth0: renamed from veth3f4d513
[88140.600614] IPv6: ADDRCONF(NETDEV_CHANGE): vethf8fa6f9: link becomes ready
[88140.600652] br-4cd1986c6c5c: port 1(vethf8fa6f9) entered blocking state
[88140.600654] br-4cd1986c6c5c: port 1(vethf8fa6f9) entered forwarding state
[88191.689595] br-4cd1986c6c5c: port 1(vethf8fa6f9) entered disabled state
[88191.689671] veth3f4d513: renamed from eth0
[88191.817160] br-4cd1986c6c5c: port 1(vethf8fa6f9) entered disabled state
[88191.817854] device vethf8fa6f9 left promiscuous mode
[88191.817859] br-4cd1986c6c5c: port 1(vethf8fa6f9) entered disabled state
[88790.961626] mini_init (174): drop_caches: 1
[88969.559623] br-4cd1986c6c5c: port 1(veth41d77fd) entered blocking state
[88969.559628] br-4cd1986c6c5c: port 1(veth41d77fd) entered disabled state
[88969.559669] device veth41d77fd entered promiscuous mode
[88969.588573] eth0: renamed from veth82b548a
[88969.679516] IPv6: ADDRCONF(NETDEV_CHANGE): veth41d77fd: link becomes ready
[88969.679578] br-4cd1986c6c5c: port 1(veth41d77fd) entered blocking state
[88969.679583] br-4cd1986c6c5c: port 1(veth41d77fd) entered forwarding state
[89039.111716] br-4cd1986c6c5c: port 1(veth41d77fd) entered disabled state
[89039.111754] veth82b548a: renamed from eth0
[89039.239202] br-4cd1986c6c5c: port 1(veth41d77fd) entered disabled state
[89039.239879] device veth41d77fd left promiscuous mode
[89039.239883] br-4cd1986c6c5c: port 1(veth41d77fd) entered disabled state
[89073.932072] docker0: port 1(veth692e10a) entered blocking state
[89073.932076] docker0: port 1(veth692e10a) entered disabled state
[89073.932123] device veth692e10a entered promiscuous mode
[89074.140781] eth0: renamed from veth57d1551
[89074.202615] IPv6: ADDRCONF(NETDEV_CHANGE): veth692e10a: link becomes ready
[89074.202662] docker0: port 1(veth692e10a) entered blocking state
[89074.202665] docker0: port 1(veth692e10a) entered forwarding state
[89076.343883] docker0: port 1(veth692e10a) entered disabled state
[89076.343919] veth57d1551: renamed from eth0
[89076.521502] docker0: port 2(veth8aaa384) entered blocking state
[89076.521506] docker0: port 2(veth8aaa384) entered disabled state
[89076.521547] device veth8aaa384 entered promiscuous mode
[89076.521683] docker0: port 2(veth8aaa384) entered blocking state
[89076.521685] docker0: port 2(veth8aaa384) entered forwarding state
[89076.525531] docker0: port 1(veth692e10a) entered disabled state
[89076.526295] device veth692e10a left promiscuous mode
[89076.526315] docker0: port 1(veth692e10a) entered disabled state
[89076.736273] eth0: renamed from veth48a0994
[89076.818726] IPv6: ADDRCONF(NETDEV_CHANGE): veth8aaa384: link becomes ready
[89076.874785] docker0: port 2(veth8aaa384) entered disabled state
[89076.874818] veth48a0994: renamed from eth0
[89077.116907] docker0: port 1(veth4799618) entered blocking state
[89077.116912] docker0: port 1(veth4799618) entered disabled state
[89077.116956] device veth4799618 entered promiscuous mode
[89077.117145] docker0: port 1(veth4799618) entered blocking state
[89077.117148] docker0: port 1(veth4799618) entered forwarding state
[89077.118216] docker0: port 2(veth8aaa384) entered disabled state
[89077.118711] device veth8aaa384 left promiscuous mode
[89077.118717] docker0: port 2(veth8aaa384) entered disabled state
[89077.392366] docker0: port 1(veth4799618) entered disabled state
[89077.392610] eth0: renamed from veth8e01405
[89077.496051] IPv6: ADDRCONF(NETDEV_CHANGE): veth4799618: link becomes ready
[89077.496088] docker0: port 1(veth4799618) entered blocking state
[89077.496090] docker0: port 1(veth4799618) entered forwarding state
[89080.344663] docker0: port 1(veth4799618) entered disabled state
[89080.344698] veth8e01405: renamed from eth0
[89080.460947] docker0: port 2(veth937bf36) entered blocking state
[89080.460951] docker0: port 2(veth937bf36) entered disabled state
[89080.460994] device veth937bf36 entered promiscuous mode
[89080.461137] docker0: port 2(veth937bf36) entered blocking state
[89080.461139] docker0: port 2(veth937bf36) entered forwarding state
[89080.464474] docker0: port 1(veth4799618) entered disabled state
[89080.464981] device veth4799618 left promiscuous mode
[89080.464984] docker0: port 1(veth4799618) entered disabled state
[89080.695689] eth0: renamed from veth1d7cb17
[89080.767975] IPv6: ADDRCONF(NETDEV_CHANGE): veth937bf36: link becomes ready
[89080.809662] docker0: port 2(veth937bf36) entered disabled state
[89080.809695] veth1d7cb17: renamed from eth0
[89080.964744] docker0: port 1(vethd284dc0) entered blocking state
[89080.964750] docker0: port 1(vethd284dc0) entered disabled state
[89080.964828] device vethd284dc0 entered promiscuous mode
[89080.965029] docker0: port 1(vethd284dc0) entered blocking state
[89080.965033] docker0: port 1(vethd284dc0) entered forwarding state
[89080.966548] docker0: port 2(veth937bf36) entered disabled state
[89080.967180] device veth937bf36 left promiscuous mode
[89080.967185] docker0: port 2(veth937bf36) entered disabled state
[89081.249483] eth0: renamed from veth1178277
[89081.321763] IPv6: ADDRCONF(NETDEV_CHANGE): vethd284dc0: link becomes ready
[89086.793211] docker0: port 1(vethd284dc0) entered disabled state
[89086.793244] veth1178277: renamed from eth0
[89086.944211] docker0: port 2(veth3c83810) entered blocking state
[89086.944216] docker0: port 2(veth3c83810) entered disabled state
[89086.944261] device veth3c83810 entered promiscuous mode
[89086.944411] docker0: port 2(veth3c83810) entered blocking state
[89086.944413] docker0: port 2(veth3c83810) entered forwarding state
[89086.945408] docker0: port 1(vethd284dc0) entered disabled state
[89086.945930] device vethd284dc0 left promiscuous mode
[89086.945934] docker0: port 1(vethd284dc0) entered disabled state
[89087.178863] eth0: renamed from veth234f4c8
[89087.240670] IPv6: ADDRCONF(NETDEV_CHANGE): veth3c83810: link becomes ready
[89087.284315] docker0: port 2(veth3c83810) entered disabled state
[89087.284350] veth234f4c8: renamed from eth0
[89087.437729] docker0: port 2(veth3c83810) entered disabled state
[89087.438403] device veth3c83810 left promiscuous mode
[89087.438409] docker0: port 2(veth3c83810) entered disabled state
[89088.253147] br-4cd1986c6c5c: port 1(veth328da80) entered blocking state
[89088.253151] br-4cd1986c6c5c: port 1(veth328da80) entered disabled state
[89088.253197] device veth328da80 entered promiscuous mode
[89088.253390] br-4cd1986c6c5c: port 1(veth328da80) entered blocking state
[89088.253393] br-4cd1986c6c5c: port 1(veth328da80) entered forwarding state
[89088.253464] br-4cd1986c6c5c: port 1(veth328da80) entered disabled state
[89088.269354] eth0: renamed from veth54567fb
[89088.368949] IPv6: ADDRCONF(NETDEV_CHANGE): veth328da80: link becomes ready
[89088.368983] br-4cd1986c6c5c: port 1(veth328da80) entered blocking state
[89088.368985] br-4cd1986c6c5c: port 1(veth328da80) entered forwarding state
[89128.934351] mini_init (174): drop_caches: 1
